2026-02-01 01:34:43,264 DEBUG [Thread-6 (_initialize_gui)] Initializing Settings GUI...
2026-02-01 01:34:43,427 DEBUG [Thread-8 (setup_handler)] Importing AvifImagePlugin
2026-02-01 01:34:43,429 DEBUG [Thread-8 (setup_handler)] Importing BlpImagePlugin
2026-02-01 01:34:43,431 DEBUG [Thread-8 (setup_handler)] Importing BmpImagePlugin
2026-02-01 01:34:43,431 DEBUG [Thread-8 (setup_handler)] Importing BufrStubImagePlugin
2026-02-01 01:34:43,433 DEBUG [Thread-8 (setup_handler)] Importing CurImagePlugin
2026-02-01 01:34:43,438 DEBUG [Thread-8 (setup_handler)] Importing DcxImagePlugin
2026-02-01 01:34:43,441 DEBUG [Thread-8 (setup_handler)] Importing DdsImagePlugin
2026-02-01 01:34:43,445 DEBUG [Thread-8 (setup_handler)] Importing EpsImagePlugin
2026-02-01 01:34:43,454 DEBUG [Thread-8 (setup_handler)] Importing FitsImagePlugin
2026-02-01 01:34:43,457 DEBUG [Thread-8 (setup_handler)] Importing FliImagePlugin
2026-02-01 01:34:43,457 DEBUG [Thread-8 (setup_handler)] Importing FpxImagePlugin
2026-02-01 01:34:43,457 DEBUG [Thread-8 (setup_handler)] Image: failed to import FpxImagePlugin: No module named 'olefile'
2026-02-01 01:34:43,457 DEBUG [Thread-8 (setup_handler)] Importing FtexImagePlugin
2026-02-01 01:34:43,457 DEBUG [Thread-8 (setup_handler)] Importing GbrImagePlugin
2026-02-01 01:34:43,457 DEBUG [Thread-8 (setup_handler)] Importing GifImagePlugin
2026-02-01 01:34:43,457 DEBUG [Thread-8 (setup_handler)] Importing GribStubImagePlugin
2026-02-01 01:34:43,457 DEBUG [Thread-8 (setup_handler)] Importing Hdf5StubImagePlugin
2026-02-01 01:34:43,466 DEBUG [Thread-8 (setup_handler)] Importing IcnsImagePlugin
2026-02-01 01:34:43,467 DEBUG [Thread-8 (setup_handler)] Importing IcoImagePlugin
2026-02-01 01:34:43,473 DEBUG [Thread-8 (setup_handler)] Importing ImImagePlugin
2026-02-01 01:34:43,474 DEBUG [Thread-8 (setup_handler)] Importing ImtImagePlugin
2026-02-01 01:34:43,476 DEBUG [Thread-8 (setup_handler)] Importing IptcImagePlugin
2026-02-01 01:34:43,476 DEBUG [Thread-8 (setup_handler)] Importing JpegImagePlugin
2026-02-01 01:34:43,476 DEBUG [Thread-8 (setup_handler)] Importing Jpeg2KImagePlugin
2026-02-01 01:34:43,476 DEBUG [Thread-8 (setup_handler)] Importing McIdasImagePlugin
2026-02-01 01:34:43,476 DEBUG [Thread-8 (setup_handler)] Importing MicImagePlugin
2026-02-01 01:34:43,476 DEBUG [Thread-8 (setup_handler)] Image: failed to import MicImagePlugin: No module named 'olefile'
2026-02-01 01:34:43,476 DEBUG [Thread-8 (setup_handler)] Importing MpegImagePlugin
2026-02-01 01:34:43,482 DEBUG [Thread-8 (setup_handler)] Importing MpoImagePlugin
2026-02-01 01:34:43,482 DEBUG [Thread-8 (setup_handler)] Importing MspImagePlugin
2026-02-01 01:34:43,487 DEBUG [Thread-8 (setup_handler)] Importing PalmImagePlugin
2026-02-01 01:34:43,487 DEBUG [Thread-8 (setup_handler)] Importing PcdImagePlugin
2026-02-01 01:34:43,489 DEBUG [Thread-8 (setup_handler)] Importing PcxImagePlugin
2026-02-01 01:34:43,489 DEBUG [Thread-8 (setup_handler)] Importing PdfImagePlugin
2026-02-01 01:34:43,499 DEBUG [Thread-8 (setup_handler)] Importing PixarImagePlugin
2026-02-01 01:34:43,499 INFO [Thread-6 (_initialize_gui)] Settings GUI initialized
2026-02-01 01:34:43,499 DEBUG [Thread-8 (setup_handler)] Importing PngImagePlugin
2026-02-01 01:34:43,499 DEBUG [Thread-8 (setup_handler)] Importing PpmImagePlugin
2026-02-01 01:34:43,499 DEBUG [Thread-8 (setup_handler)] Importing PsdImagePlugin
2026-02-01 01:34:43,499 DEBUG [Thread-8 (setup_handler)] Importing QoiImagePlugin
2026-02-01 01:34:43,504 DEBUG [Thread-8 (setup_handler)] Importing SgiImagePlugin
2026-02-01 01:34:43,504 DEBUG [Thread-8 (setup_handler)] Importing SpiderImagePlugin
2026-02-01 01:34:43,504 DEBUG [Thread-8 (setup_handler)] Importing SunImagePlugin
2026-02-01 01:34:43,504 DEBUG [Thread-8 (setup_handler)] Importing TgaImagePlugin
2026-02-01 01:34:43,507 DEBUG [Thread-8 (setup_handler)] Importing TiffImagePlugin
2026-02-01 01:34:43,507 DEBUG [Thread-8 (setup_handler)] Importing WebPImagePlugin
2026-02-01 01:34:43,510 DEBUG [Thread-8 (setup_handler)] Importing WmfImagePlugin
2026-02-01 01:34:43,510 DEBUG [Thread-8 (setup_handler)] Importing XbmImagePlugin
2026-02-01 01:34:43,513 DEBUG [Thread-8 (setup_handler)] Importing XpmImagePlugin
2026-02-01 01:34:43,515 DEBUG [Thread-8 (setup_handler)] Importing XVThumbImagePlugin
2026-02-01 01:37:17,920 WARNING [MainThread] Configured quarantine drive Z:\ not available; falling back to local folder.
2026-02-01 01:37:17,953 DEBUG [Thread-5 (_initialize_gui)] Initializing Settings GUI...
2026-02-01 01:37:18,119 DEBUG [Thread-6 (setup_handler)] Importing AvifImagePlugin
2026-02-01 01:37:18,122 DEBUG [Thread-6 (setup_handler)] Importing BlpImagePlugin
2026-02-01 01:37:18,124 DEBUG [Thread-6 (setup_handler)] Importing BmpImagePlugin
2026-02-01 01:37:18,124 DEBUG [Thread-6 (setup_handler)] Importing BufrStubImagePlugin
2026-02-01 01:37:18,124 DEBUG [Thread-6 (setup_handler)] Importing CurImagePlugin
2026-02-01 01:37:18,124 DEBUG [Thread-6 (setup_handler)] Importing DcxImagePlugin
2026-02-01 01:37:18,124 DEBUG [Thread-6 (setup_handler)] Importing DdsImagePlugin
2026-02-01 01:37:18,135 DEBUG [Thread-6 (setup_handler)] Importing EpsImagePlugin
2026-02-01 01:37:18,137 DEBUG [Thread-6 (setup_handler)] Importing FitsImagePlugin
2026-02-01 01:37:18,140 DEBUG [Thread-6 (setup_handler)] Importing FliImagePlugin
2026-02-01 01:37:18,143 DEBUG [Thread-6 (setup_handler)] Importing FpxImagePlugin
2026-02-01 01:37:18,143 DEBUG [Thread-6 (setup_handler)] Image: failed to import FpxImagePlugin: No module named 'olefile'
2026-02-01 01:37:18,143 DEBUG [Thread-6 (setup_handler)] Importing FtexImagePlugin
2026-02-01 01:37:18,143 DEBUG [Thread-6 (setup_handler)] Importing GbrImagePlugin
2026-02-01 01:37:18,147 DEBUG [Thread-6 (setup_handler)] Importing GifImagePlugin
2026-02-01 01:37:18,147 DEBUG [Thread-6 (setup_handler)] Importing GribStubImagePlugin
2026-02-01 01:37:18,147 DEBUG [Thread-6 (setup_handler)] Importing Hdf5StubImagePlugin
2026-02-01 01:37:18,149 DEBUG [Thread-6 (setup_handler)] Importing IcnsImagePlugin
2026-02-01 01:37:18,149 DEBUG [Thread-6 (setup_handler)] Importing IcoImagePlugin
2026-02-01 01:37:18,156 DEBUG [Thread-6 (setup_handler)] Importing ImImagePlugin
2026-02-01 01:37:18,156 DEBUG [Thread-6 (setup_handler)] Importing ImtImagePlugin
2026-02-01 01:37:18,156 DEBUG [Thread-6 (setup_handler)] Importing IptcImagePlugin
2026-02-01 01:37:18,156 DEBUG [Thread-6 (setup_handler)] Importing JpegImagePlugin
2026-02-01 01:37:18,156 DEBUG [Thread-6 (setup_handler)] Importing Jpeg2KImagePlugin
2026-02-01 01:37:18,156 DEBUG [Thread-6 (setup_handler)] Importing McIdasImagePlugin
2026-02-01 01:37:18,156 DEBUG [Thread-6 (setup_handler)] Importing MicImagePlugin
2026-02-01 01:37:18,164 DEBUG [Thread-6 (setup_handler)] Image: failed to import MicImagePlugin: No module named 'olefile'
2026-02-01 01:37:18,164 DEBUG [Thread-6 (setup_handler)] Importing MpegImagePlugin
2026-02-01 01:37:18,165 DEBUG [Thread-6 (setup_handler)] Importing MpoImagePlugin
2026-02-01 01:37:18,168 DEBUG [Thread-6 (setup_handler)] Importing MspImagePlugin
2026-02-01 01:37:18,168 DEBUG [Thread-6 (setup_handler)] Importing PalmImagePlugin
2026-02-01 01:37:18,168 DEBUG [Thread-6 (setup_handler)] Importing PcdImagePlugin
2026-02-01 01:37:18,172 DEBUG [Thread-6 (setup_handler)] Importing PcxImagePlugin
2026-02-01 01:37:18,172 DEBUG [Thread-6 (setup_handler)] Importing PdfImagePlugin
2026-02-01 01:37:18,180 DEBUG [Thread-6 (setup_handler)] Importing PixarImagePlugin
2026-02-01 01:37:18,182 DEBUG [Thread-6 (setup_handler)] Importing PngImagePlugin
2026-02-01 01:37:18,182 DEBUG [Thread-6 (setup_handler)] Importing PpmImagePlugin
2026-02-01 01:37:18,182 DEBUG [Thread-6 (setup_handler)] Importing PsdImagePlugin
2026-02-01 01:37:18,184 DEBUG [Thread-6 (setup_handler)] Importing QoiImagePlugin
2026-02-01 01:37:18,185 DEBUG [Thread-6 (setup_handler)] Importing SgiImagePlugin
2026-02-01 01:37:18,185 DEBUG [Thread-6 (setup_handler)] Importing SpiderImagePlugin
2026-02-01 01:37:18,185 DEBUG [Thread-6 (setup_handler)] Importing SunImagePlugin
2026-02-01 01:37:18,189 DEBUG [Thread-6 (setup_handler)] Importing TgaImagePlugin
2026-02-01 01:37:18,190 DEBUG [Thread-6 (setup_handler)] Importing TiffImagePlugin
2026-02-01 01:37:18,190 DEBUG [Thread-6 (setup_handler)] Importing WebPImagePlugin
2026-02-01 01:37:18,190 DEBUG [Thread-6 (setup_handler)] Importing WmfImagePlugin
2026-02-01 01:37:18,194 DEBUG [Thread-6 (setup_handler)] Importing XbmImagePlugin
2026-02-01 01:37:18,194 DEBUG [Thread-6 (setup_handler)] Importing XpmImagePlugin
2026-02-01 01:37:18,197 DEBUG [Thread-6 (setup_handler)] Importing XVThumbImagePlugin
2026-02-01 01:37:18,205 INFO [Thread-5 (_initialize_gui)] Settings GUI initialized
2026-02-01 01:37:32,175 WARNING [MainThread] Configured quarantine drive Z:\ not available; falling back to local folder.
2026-02-01 01:37:32,194 DEBUG [Thread-5 (_initialize_gui)] Initializing Settings GUI...
2026-02-01 01:37:32,324 DEBUG [Thread-6 (setup_handler)] Importing AvifImagePlugin
2026-02-01 01:37:32,328 DEBUG [Thread-6 (setup_handler)] Importing BlpImagePlugin
2026-02-01 01:37:32,330 DEBUG [Thread-6 (setup_handler)] Importing BmpImagePlugin
2026-02-01 01:37:32,330 DEBUG [Thread-6 (setup_handler)] Importing BufrStubImagePlugin
2026-02-01 01:37:32,333 DEBUG [Thread-6 (setup_handler)] Importing CurImagePlugin
2026-02-01 01:37:32,335 DEBUG [Thread-6 (setup_handler)] Importing DcxImagePlugin
2026-02-01 01:37:32,341 DEBUG [Thread-6 (setup_handler)] Importing DdsImagePlugin
2026-02-01 01:37:32,348 DEBUG [Thread-6 (setup_handler)] Importing EpsImagePlugin
2026-02-01 01:37:32,348 DEBUG [Thread-6 (setup_handler)] Importing FitsImagePlugin
2026-02-01 01:37:32,355 DEBUG [Thread-6 (setup_handler)] Importing FliImagePlugin
2026-02-01 01:37:32,355 DEBUG [Thread-6 (setup_handler)] Importing FpxImagePlugin
2026-02-01 01:37:32,357 DEBUG [Thread-6 (setup_handler)] Image: failed to import FpxImagePlugin: No module named 'olefile'
2026-02-01 01:37:32,357 DEBUG [Thread-6 (setup_handler)] Importing FtexImagePlugin
2026-02-01 01:37:32,357 DEBUG [Thread-6 (setup_handler)] Importing GbrImagePlugin
2026-02-01 01:37:32,357 DEBUG [Thread-6 (setup_handler)] Importing GifImagePlugin
2026-02-01 01:37:32,357 DEBUG [Thread-6 (setup_handler)] Importing GribStubImagePlugin
2026-02-01 01:37:32,363 DEBUG [Thread-6 (setup_handler)] Importing Hdf5StubImagePlugin
2026-02-01 01:37:32,363 DEBUG [Thread-6 (setup_handler)] Importing IcnsImagePlugin
2026-02-01 01:37:32,363 DEBUG [Thread-6 (setup_handler)] Importing IcoImagePlugin
2026-02-01 01:37:32,363 DEBUG [Thread-6 (setup_handler)] Importing ImImagePlugin
2026-02-01 01:37:32,363 DEBUG [Thread-6 (setup_handler)] Importing ImtImagePlugin
2026-02-01 01:37:32,371 DEBUG [Thread-6 (setup_handler)] Importing IptcImagePlugin
2026-02-01 01:37:32,374 DEBUG [Thread-6 (setup_handler)] Importing JpegImagePlugin
2026-02-01 01:37:32,374 DEBUG [Thread-6 (setup_handler)] Importing Jpeg2KImagePlugin
2026-02-01 01:37:32,374 DEBUG [Thread-6 (setup_handler)] Importing McIdasImagePlugin
2026-02-01 01:37:32,374 DEBUG [Thread-6 (setup_handler)] Importing MicImagePlugin
2026-02-01 01:37:32,374 DEBUG [Thread-6 (setup_handler)] Image: failed to import MicImagePlugin: No module named 'olefile'
2026-02-01 01:37:32,374 DEBUG [Thread-6 (setup_handler)] Importing MpegImagePlugin
2026-02-01 01:37:32,374 DEBUG [Thread-6 (setup_handler)] Importing MpoImagePlugin
2026-02-01 01:37:32,379 DEBUG [Thread-6 (setup_handler)] Importing MspImagePlugin
2026-02-01 01:37:32,380 DEBUG [Thread-6 (setup_handler)] Importing PalmImagePlugin
2026-02-01 01:37:32,381 DEBUG [Thread-6 (setup_handler)] Importing PcdImagePlugin
2026-02-01 01:37:32,381 DEBUG [Thread-6 (setup_handler)] Importing PcxImagePlugin
2026-02-01 01:37:32,381 DEBUG [Thread-6 (setup_handler)] Importing PdfImagePlugin
2026-02-01 01:37:32,388 DEBUG [Thread-6 (setup_handler)] Importing PixarImagePlugin
2026-02-01 01:37:32,391 DEBUG [Thread-6 (setup_handler)] Importing PngImagePlugin
2026-02-01 01:37:32,391 DEBUG [Thread-6 (setup_handler)] Importing PpmImagePlugin
2026-02-01 01:37:32,391 DEBUG [Thread-6 (setup_handler)] Importing PsdImagePlugin
2026-02-01 01:37:32,391 DEBUG [Thread-6 (setup_handler)] Importing QoiImagePlugin
2026-02-01 01:37:32,391 DEBUG [Thread-6 (setup_handler)] Importing SgiImagePlugin
2026-02-01 01:37:32,391 DEBUG [Thread-6 (setup_handler)] Importing SpiderImagePlugin
2026-02-01 01:37:32,396 DEBUG [Thread-6 (setup_handler)] Importing SunImagePlugin
2026-02-01 01:37:32,396 DEBUG [Thread-6 (setup_handler)] Importing TgaImagePlugin
2026-02-01 01:37:32,396 DEBUG [Thread-6 (setup_handler)] Importing TiffImagePlugin
2026-02-01 01:37:32,396 DEBUG [Thread-6 (setup_handler)] Importing WebPImagePlugin
2026-02-01 01:37:32,396 DEBUG [Thread-6 (setup_handler)] Importing WmfImagePlugin
2026-02-01 01:37:32,396 DEBUG [Thread-6 (setup_handler)] Importing XbmImagePlugin
2026-02-01 01:37:32,404 DEBUG [Thread-6 (setup_handler)] Importing XpmImagePlugin
2026-02-01 01:37:32,405 DEBUG [Thread-6 (setup_handler)] Importing XVThumbImagePlugin
2026-02-01 01:37:32,447 INFO [Thread-5 (_initialize_gui)] Settings GUI initialized
2026-02-01 01:50:16,907 DEBUG [Thread-6 (_initialize_gui)] Initializing Settings GUI...
2026-02-01 01:50:17,371 DEBUG [Thread-9 (setup_handler)] Importing AvifImagePlugin
2026-02-01 01:50:17,376 DEBUG [Thread-9 (setup_handler)] Importing BlpImagePlugin
2026-02-01 01:50:17,378 DEBUG [Thread-9 (setup_handler)] Importing BmpImagePlugin
2026-02-01 01:50:17,378 DEBUG [Thread-9 (setup_handler)] Importing BufrStubImagePlugin
2026-02-01 01:50:17,378 DEBUG [Thread-9 (setup_handler)] Importing CurImagePlugin
2026-02-01 01:50:17,382 DEBUG [Thread-9 (setup_handler)] Importing DcxImagePlugin
2026-02-01 01:50:17,382 DEBUG [Thread-9 (setup_handler)] Importing DdsImagePlugin
2026-02-01 01:50:17,391 DEBUG [Thread-9 (setup_handler)] Importing EpsImagePlugin
2026-02-01 01:50:17,394 DEBUG [Thread-9 (setup_handler)] Importing FitsImagePlugin
2026-02-01 01:50:17,394 DEBUG [Thread-9 (setup_handler)] Importing FliImagePlugin
2026-02-01 01:50:17,403 DEBUG [Thread-9 (setup_handler)] Importing FpxImagePlugin
2026-02-01 01:50:17,406 DEBUG [Thread-9 (setup_handler)] Image: failed to import FpxImagePlugin: No module named 'olefile'
2026-02-01 01:50:17,406 DEBUG [Thread-9 (setup_handler)] Importing FtexImagePlugin
2026-02-01 01:50:17,408 DEBUG [Thread-9 (setup_handler)] Importing GbrImagePlugin
2026-02-01 01:50:17,412 DEBUG [Thread-9 (setup_handler)] Importing GifImagePlugin
2026-02-01 01:50:17,412 DEBUG [Thread-9 (setup_handler)] Importing GribStubImagePlugin
2026-02-01 01:50:17,415 DEBUG [Thread-9 (setup_handler)] Importing Hdf5StubImagePlugin
2026-02-01 01:50:17,416 DEBUG [Thread-9 (setup_handler)] Importing IcnsImagePlugin
2026-02-01 01:50:17,424 DEBUG [Thread-9 (setup_handler)] Importing IcoImagePlugin
2026-02-01 01:50:17,427 DEBUG [Thread-9 (setup_handler)] Importing ImImagePlugin
2026-02-01 01:50:17,429 DEBUG [Thread-9 (setup_handler)] Importing ImtImagePlugin
2026-02-01 01:50:17,429 DEBUG [Thread-9 (setup_handler)] Importing IptcImagePlugin
2026-02-01 01:50:17,429 DEBUG [Thread-9 (setup_handler)] Importing JpegImagePlugin
2026-02-01 01:50:17,429 DEBUG [Thread-9 (setup_handler)] Importing Jpeg2KImagePlugin
2026-02-01 01:50:17,429 DEBUG [Thread-9 (setup_handler)] Importing McIdasImagePlugin
2026-02-01 01:50:17,432 DEBUG [Thread-9 (setup_handler)] Importing MicImagePlugin
2026-02-01 01:50:17,436 DEBUG [Thread-9 (setup_handler)] Image: failed to import MicImagePlugin: No module named 'olefile'
2026-02-01 01:50:17,436 DEBUG [Thread-9 (setup_handler)] Importing MpegImagePlugin
2026-02-01 01:50:17,436 DEBUG [Thread-9 (setup_handler)] Importing MpoImagePlugin
2026-02-01 01:50:17,443 DEBUG [Thread-9 (setup_handler)] Importing MspImagePlugin
2026-02-01 01:50:17,444 DEBUG [Thread-9 (setup_handler)] Importing PalmImagePlugin
2026-02-01 01:50:17,446 DEBUG [Thread-9 (setup_handler)] Importing PcdImagePlugin
2026-02-01 01:50:17,449 DEBUG [Thread-9 (setup_handler)] Importing PcxImagePlugin
2026-02-01 01:50:17,449 DEBUG [Thread-9 (setup_handler)] Importing PdfImagePlugin
2026-02-01 01:50:17,471 DEBUG [Thread-9 (setup_handler)] Importing PixarImagePlugin
2026-02-01 01:50:17,473 DEBUG [Thread-9 (setup_handler)] Importing PngImagePlugin
2026-02-01 01:50:17,473 DEBUG [Thread-9 (setup_handler)] Importing PpmImagePlugin
2026-02-01 01:50:17,473 DEBUG [Thread-9 (setup_handler)] Importing PsdImagePlugin
2026-02-01 01:50:17,475 DEBUG [Thread-9 (setup_handler)] Importing QoiImagePlugin
2026-02-01 01:50:17,478 DEBUG [Thread-9 (setup_handler)] Importing SgiImagePlugin
2026-02-01 01:50:17,478 DEBUG [Thread-9 (setup_handler)] Importing SpiderImagePlugin
2026-02-01 01:50:17,483 DEBUG [Thread-9 (setup_handler)] Importing SunImagePlugin
2026-02-01 01:50:17,484 DEBUG [Thread-9 (setup_handler)] Importing TgaImagePlugin
2026-02-01 01:50:17,487 DEBUG [Thread-9 (setup_handler)] Importing TiffImagePlugin
2026-02-01 01:50:17,487 DEBUG [Thread-9 (setup_handler)] Importing WebPImagePlugin
2026-02-01 01:50:17,491 DEBUG [Thread-9 (setup_handler)] Importing WmfImagePlugin
2026-02-01 01:50:17,492 DEBUG [Thread-9 (setup_handler)] Importing XbmImagePlugin
2026-02-01 01:50:17,494 DEBUG [Thread-9 (setup_handler)] Importing XpmImagePlugin
2026-02-01 01:50:17,496 DEBUG [Thread-9 (setup_handler)] Importing XVThumbImagePlugin
2026-02-01 01:50:17,695 INFO [Thread-6 (_initialize_gui)] Settings GUI initialized
2026-02-01 01:53:36,742 DEBUG [Thread-5 (_initialize_gui)] Initializing Settings GUI...
2026-02-01 01:53:37,056 DEBUG [Thread-8 (setup_handler)] Importing AvifImagePlugin
2026-02-01 01:53:37,065 DEBUG [Thread-8 (setup_handler)] Importing BlpImagePlugin
2026-02-01 01:53:37,069 DEBUG [Thread-8 (setup_handler)] Importing BmpImagePlugin
2026-02-01 01:53:37,069 DEBUG [Thread-8 (setup_handler)] Importing BufrStubImagePlugin
2026-02-01 01:53:37,072 DEBUG [Thread-8 (setup_handler)] Importing CurImagePlugin
2026-02-01 01:53:37,076 DEBUG [Thread-8 (setup_handler)] Importing DcxImagePlugin
2026-02-01 01:53:37,081 DEBUG [Thread-8 (setup_handler)] Importing DdsImagePlugin
2026-02-01 01:53:37,092 DEBUG [Thread-8 (setup_handler)] Importing EpsImagePlugin
2026-02-01 01:53:37,095 DEBUG [Thread-8 (setup_handler)] Importing FitsImagePlugin
2026-02-01 01:53:37,101 DEBUG [Thread-8 (setup_handler)] Importing FliImagePlugin
2026-02-01 01:53:37,103 DEBUG [Thread-8 (setup_handler)] Importing FpxImagePlugin
2026-02-01 01:53:37,106 DEBUG [Thread-8 (setup_handler)] Image: failed to import FpxImagePlugin: No module named 'olefile'
2026-02-01 01:53:37,108 DEBUG [Thread-8 (setup_handler)] Importing FtexImagePlugin
2026-02-01 01:53:37,111 DEBUG [Thread-8 (setup_handler)] Importing GbrImagePlugin
2026-02-01 01:53:37,113 DEBUG [Thread-8 (setup_handler)] Importing GifImagePlugin
2026-02-01 01:53:37,113 DEBUG [Thread-8 (setup_handler)] Importing GribStubImagePlugin
2026-02-01 01:53:37,116 DEBUG [Thread-8 (setup_handler)] Importing Hdf5StubImagePlugin
2026-02-01 01:53:37,118 DEBUG [Thread-8 (setup_handler)] Importing IcnsImagePlugin
2026-02-01 01:53:37,125 DEBUG [Thread-8 (setup_handler)] Importing IcoImagePlugin
2026-02-01 01:53:37,125 DEBUG [Thread-8 (setup_handler)] Importing ImImagePlugin
2026-02-01 01:53:37,132 DEBUG [Thread-8 (setup_handler)] Importing ImtImagePlugin
2026-02-01 01:53:37,134 DEBUG [Thread-8 (setup_handler)] Importing IptcImagePlugin
2026-02-01 01:53:37,134 DEBUG [Thread-8 (setup_handler)] Importing JpegImagePlugin
2026-02-01 01:53:37,139 DEBUG [Thread-8 (setup_handler)] Importing Jpeg2KImagePlugin
2026-02-01 01:53:37,139 DEBUG [Thread-8 (setup_handler)] Importing McIdasImagePlugin
2026-02-01 01:53:37,141 DEBUG [Thread-8 (setup_handler)] Importing MicImagePlugin
2026-02-01 01:53:37,144 DEBUG [Thread-8 (setup_handler)] Image: failed to import MicImagePlugin: No module named 'olefile'
2026-02-01 01:53:37,144 DEBUG [Thread-8 (setup_handler)] Importing MpegImagePlugin
2026-02-01 01:53:37,148 DEBUG [Thread-8 (setup_handler)] Importing MpoImagePlugin
2026-02-01 01:53:37,155 DEBUG [Thread-8 (setup_handler)] Importing MspImagePlugin
2026-02-01 01:53:37,160 DEBUG [Thread-8 (setup_handler)] Importing PalmImagePlugin
2026-02-01 01:53:37,163 DEBUG [Thread-8 (setup_handler)] Importing PcdImagePlugin
2026-02-01 01:53:37,167 DEBUG [Thread-8 (setup_handler)] Importing PcxImagePlugin
2026-02-01 01:53:37,167 DEBUG [Thread-8 (setup_handler)] Importing PdfImagePlugin
2026-02-01 01:53:37,194 DEBUG [Thread-8 (setup_handler)] Importing PixarImagePlugin
2026-02-01 01:53:37,195 DEBUG [Thread-8 (setup_handler)] Importing PngImagePlugin
2026-02-01 01:53:37,197 DEBUG [Thread-8 (setup_handler)] Importing PpmImagePlugin
2026-02-01 01:53:37,197 DEBUG [Thread-8 (setup_handler)] Importing PsdImagePlugin
2026-02-01 01:53:37,197 DEBUG [Thread-8 (setup_handler)] Importing QoiImagePlugin
2026-02-01 01:53:37,202 DEBUG [Thread-8 (setup_handler)] Importing SgiImagePlugin
2026-02-01 01:53:37,203 DEBUG [Thread-8 (setup_handler)] Importing SpiderImagePlugin
2026-02-01 01:53:37,203 DEBUG [Thread-8 (setup_handler)] Importing SunImagePlugin
2026-02-01 01:53:37,203 DEBUG [Thread-8 (setup_handler)] Importing TgaImagePlugin
2026-02-01 01:53:37,207 DEBUG [Thread-8 (setup_handler)] Importing TiffImagePlugin
2026-02-01 01:53:37,207 DEBUG [Thread-8 (setup_handler)] Importing WebPImagePlugin
2026-02-01 01:53:37,213 DEBUG [Thread-8 (setup_handler)] Importing WmfImagePlugin
2026-02-01 01:53:37,215 DEBUG [Thread-8 (setup_handler)] Importing XbmImagePlugin
2026-02-01 01:53:37,217 DEBUG [Thread-8 (setup_handler)] Importing XpmImagePlugin
2026-02-01 01:53:37,220 DEBUG [Thread-8 (setup_handler)] Importing XVThumbImagePlugin
2026-02-01 01:53:37,301 INFO [Thread-5 (_initialize_gui)] Settings GUI initialized
2026-02-01 01:55:25,732 DEBUG [Thread-5 (_initialize_gui)] Initializing Settings GUI...
2026-02-01 01:55:25,966 DEBUG [Thread-7 (setup_handler)] Importing AvifImagePlugin
2026-02-01 01:55:25,971 DEBUG [Thread-7 (setup_handler)] Importing BlpImagePlugin
2026-02-01 01:55:25,973 DEBUG [Thread-7 (setup_handler)] Importing BmpImagePlugin
2026-02-01 01:55:25,973 DEBUG [Thread-7 (setup_handler)] Importing BufrStubImagePlugin
2026-02-01 01:55:25,974 DEBUG [Thread-7 (setup_handler)] Importing CurImagePlugin
2026-02-01 01:55:25,976 DEBUG [Thread-7 (setup_handler)] Importing DcxImagePlugin
2026-02-01 01:55:25,980 DEBUG [Thread-7 (setup_handler)] Importing DdsImagePlugin
2026-02-01 01:55:25,985 DEBUG [Thread-7 (setup_handler)] Importing EpsImagePlugin
2026-02-01 01:55:25,989 DEBUG [Thread-7 (setup_handler)] Importing FitsImagePlugin
2026-02-01 01:55:25,995 DEBUG [Thread-7 (setup_handler)] Importing FliImagePlugin
2026-02-01 01:55:25,997 DEBUG [Thread-7 (setup_handler)] Importing FpxImagePlugin
2026-02-01 01:55:26,001 DEBUG [Thread-7 (setup_handler)] Image: failed to import FpxImagePlugin: No module named 'olefile'
2026-02-01 01:55:26,001 DEBUG [Thread-7 (setup_handler)] Importing FtexImagePlugin
2026-02-01 01:55:26,005 DEBUG [Thread-7 (setup_handler)] Importing GbrImagePlugin
2026-02-01 01:55:26,008 DEBUG [Thread-7 (setup_handler)] Importing GifImagePlugin
2026-02-01 01:55:26,009 DEBUG [Thread-7 (setup_handler)] Importing GribStubImagePlugin
2026-02-01 01:55:26,012 DEBUG [Thread-7 (setup_handler)] Importing Hdf5StubImagePlugin
2026-02-01 01:55:26,015 DEBUG [Thread-7 (setup_handler)] Importing IcnsImagePlugin
2026-02-01 01:55:26,022 DEBUG [Thread-7 (setup_handler)] Importing IcoImagePlugin
2026-02-01 01:55:26,025 DEBUG [Thread-7 (setup_handler)] Importing ImImagePlugin
2026-02-01 01:55:26,028 DEBUG [Thread-7 (setup_handler)] Importing ImtImagePlugin
2026-02-01 01:55:26,031 DEBUG [Thread-7 (setup_handler)] Importing IptcImagePlugin
2026-02-01 01:55:26,032 DEBUG [Thread-7 (setup_handler)] Importing JpegImagePlugin
2026-02-01 01:55:26,033 DEBUG [Thread-7 (setup_handler)] Importing Jpeg2KImagePlugin
2026-02-01 01:55:26,033 DEBUG [Thread-7 (setup_handler)] Importing McIdasImagePlugin
2026-02-01 01:55:26,033 DEBUG [Thread-7 (setup_handler)] Importing MicImagePlugin
2026-02-01 01:55:26,036 DEBUG [Thread-7 (setup_handler)] Image: failed to import MicImagePlugin: No module named 'olefile'
2026-02-01 01:55:26,038 DEBUG [Thread-7 (setup_handler)] Importing MpegImagePlugin
2026-02-01 01:55:26,038 DEBUG [Thread-7 (setup_handler)] Importing MpoImagePlugin
2026-02-01 01:55:26,046 DEBUG [Thread-7 (setup_handler)] Importing MspImagePlugin
2026-02-01 01:55:26,048 DEBUG [Thread-7 (setup_handler)] Importing PalmImagePlugin
2026-02-01 01:55:26,052 DEBUG [Thread-7 (setup_handler)] Importing PcdImagePlugin
2026-02-01 01:55:26,053 DEBUG [Thread-7 (setup_handler)] Importing PcxImagePlugin
2026-02-01 01:55:26,054 DEBUG [Thread-7 (setup_handler)] Importing PdfImagePlugin
2026-02-01 01:55:26,083 DEBUG [Thread-7 (setup_handler)] Importing PixarImagePlugin
2026-02-01 01:55:26,085 DEBUG [Thread-7 (setup_handler)] Importing PngImagePlugin
2026-02-01 01:55:26,085 DEBUG [Thread-7 (setup_handler)] Importing PpmImagePlugin
2026-02-01 01:55:26,086 DEBUG [Thread-7 (setup_handler)] Importing PsdImagePlugin
2026-02-01 01:55:26,086 DEBUG [Thread-7 (setup_handler)] Importing QoiImagePlugin
2026-02-01 01:55:26,091 DEBUG [Thread-7 (setup_handler)] Importing SgiImagePlugin
2026-02-01 01:55:26,093 DEBUG [Thread-7 (setup_handler)] Importing SpiderImagePlugin
2026-02-01 01:55:26,096 DEBUG [Thread-7 (setup_handler)] Importing SunImagePlugin
2026-02-01 01:55:26,099 DEBUG [Thread-7 (setup_handler)] Importing TgaImagePlugin
2026-02-01 01:55:26,099 DEBUG [Thread-7 (setup_handler)] Importing TiffImagePlugin
2026-02-01 01:55:26,101 DEBUG [Thread-7 (setup_handler)] Importing WebPImagePlugin
2026-02-01 01:55:26,104 DEBUG [Thread-7 (setup_handler)] Importing WmfImagePlugin
2026-02-01 01:55:26,107 DEBUG [Thread-7 (setup_handler)] Importing XbmImagePlugin
2026-02-01 01:55:26,111 DEBUG [Thread-7 (setup_handler)] Importing XpmImagePlugin
2026-02-01 01:55:26,112 DEBUG [Thread-7 (setup_handler)] Importing XVThumbImagePlugin
2026-02-01 01:55:26,260 INFO [Thread-5 (_initialize_gui)] Settings GUI initialized
2026-02-01 01:57:02,056 DEBUG [Thread-5 (_initialize_gui)] Initializing Settings GUI...
2026-02-01 01:57:02,326 DEBUG [Thread-7 (setup_handler)] Importing AvifImagePlugin
2026-02-01 01:57:02,331 DEBUG [Thread-7 (setup_handler)] Importing BlpImagePlugin
2026-02-01 01:57:02,337 DEBUG [Thread-7 (setup_handler)] Importing BmpImagePlugin
2026-02-01 01:57:02,337 DEBUG [Thread-7 (setup_handler)] Importing BufrStubImagePlugin
2026-02-01 01:57:02,339 DEBUG [Thread-7 (setup_handler)] Importing CurImagePlugin
2026-02-01 01:57:02,343 DEBUG [Thread-7 (setup_handler)] Importing DcxImagePlugin
2026-02-01 01:57:02,345 DEBUG [Thread-7 (setup_handler)] Importing DdsImagePlugin
2026-02-01 01:57:02,361 DEBUG [Thread-7 (setup_handler)] Importing EpsImagePlugin
2026-02-01 01:57:02,364 DEBUG [Thread-7 (setup_handler)] Importing FitsImagePlugin
2026-02-01 01:57:02,371 DEBUG [Thread-7 (setup_handler)] Importing FliImagePlugin
2026-02-01 01:57:02,373 DEBUG [Thread-7 (setup_handler)] Importing FpxImagePlugin
2026-02-01 01:57:02,377 DEBUG [Thread-7 (setup_handler)] Image: failed to import FpxImagePlugin: No module named 'olefile'
2026-02-01 01:57:02,377 DEBUG [Thread-7 (setup_handler)] Importing FtexImagePlugin
2026-02-01 01:57:02,382 DEBUG [Thread-7 (setup_handler)] Importing GbrImagePlugin
2026-02-01 01:57:02,385 DEBUG [Thread-7 (setup_handler)] Importing GifImagePlugin
2026-02-01 01:57:02,385 DEBUG [Thread-7 (setup_handler)] Importing GribStubImagePlugin
2026-02-01 01:57:02,387 DEBUG [Thread-7 (setup_handler)] Importing Hdf5StubImagePlugin
2026-02-01 01:57:02,389 DEBUG [Thread-7 (setup_handler)] Importing IcnsImagePlugin
2026-02-01 01:57:02,395 DEBUG [Thread-7 (setup_handler)] Importing IcoImagePlugin
2026-02-01 01:57:02,398 DEBUG [Thread-7 (setup_handler)] Importing ImImagePlugin
2026-02-01 01:57:02,402 DEBUG [Thread-7 (setup_handler)] Importing ImtImagePlugin
2026-02-01 01:57:02,406 DEBUG [Thread-7 (setup_handler)] Importing IptcImagePlugin
2026-02-01 01:57:02,410 DEBUG [Thread-7 (setup_handler)] Importing JpegImagePlugin
2026-02-01 01:57:02,411 DEBUG [Thread-7 (setup_handler)] Importing Jpeg2KImagePlugin
2026-02-01 01:57:02,411 DEBUG [Thread-7 (setup_handler)] Importing McIdasImagePlugin
2026-02-01 01:57:02,417 DEBUG [Thread-7 (setup_handler)] Importing MicImagePlugin
2026-02-01 01:57:02,425 DEBUG [Thread-7 (setup_handler)] Image: failed to import MicImagePlugin: No module named 'olefile'
2026-02-01 01:57:02,425 DEBUG [Thread-7 (setup_handler)] Importing MpegImagePlugin
2026-02-01 01:57:02,426 DEBUG [Thread-7 (setup_handler)] Importing MpoImagePlugin
2026-02-01 01:57:02,435 DEBUG [Thread-7 (setup_handler)] Importing MspImagePlugin
2026-02-01 01:57:02,436 DEBUG [Thread-7 (setup_handler)] Importing PalmImagePlugin
2026-02-01 01:57:02,439 DEBUG [Thread-7 (setup_handler)] Importing PcdImagePlugin
2026-02-01 01:57:02,441 DEBUG [Thread-7 (setup_handler)] Importing PcxImagePlugin
2026-02-01 01:57:02,441 DEBUG [Thread-7 (setup_handler)] Importing PdfImagePlugin
2026-02-01 01:57:02,462 DEBUG [Thread-7 (setup_handler)] Importing PixarImagePlugin
2026-02-01 01:57:02,465 DEBUG [Thread-7 (setup_handler)] Importing PngImagePlugin
2026-02-01 01:57:02,465 DEBUG [Thread-7 (setup_handler)] Importing PpmImagePlugin
2026-02-01 01:57:02,465 DEBUG [Thread-7 (setup_handler)] Importing PsdImagePlugin
2026-02-01 01:57:02,467 DEBUG [Thread-7 (setup_handler)] Importing QoiImagePlugin
2026-02-01 01:57:02,470 DEBUG [Thread-7 (setup_handler)] Importing SgiImagePlugin
2026-02-01 01:57:02,471 DEBUG [Thread-7 (setup_handler)] Importing SpiderImagePlugin
2026-02-01 01:57:02,473 DEBUG [Thread-7 (setup_handler)] Importing SunImagePlugin
2026-02-01 01:57:02,473 DEBUG [Thread-7 (setup_handler)] Importing TgaImagePlugin
2026-02-01 01:57:02,473 DEBUG [Thread-7 (setup_handler)] Importing TiffImagePlugin
2026-02-01 01:57:02,473 DEBUG [Thread-7 (setup_handler)] Importing WebPImagePlugin
2026-02-01 01:57:02,478 DEBUG [Thread-7 (setup_handler)] Importing WmfImagePlugin
2026-02-01 01:57:02,478 DEBUG [Thread-7 (setup_handler)] Importing XbmImagePlugin
2026-02-01 01:57:02,483 DEBUG [Thread-7 (setup_handler)] Importing XpmImagePlugin
2026-02-01 01:57:02,483 DEBUG [Thread-7 (setup_handler)] Importing XVThumbImagePlugin
2026-02-01 01:57:02,564 INFO [Thread-5 (_initialize_gui)] Settings GUI initialized
2026-02-01 01:57:51,382 DEBUG [Thread-5 (_initialize_gui)] Initializing Settings GUI...
2026-02-01 01:57:51,675 DEBUG [Thread-6 (setup_handler)] Importing AvifImagePlugin
2026-02-01 01:57:51,685 DEBUG [Thread-6 (setup_handler)] Importing BlpImagePlugin
2026-02-01 01:57:51,689 DEBUG [Thread-6 (setup_handler)] Importing BmpImagePlugin
2026-02-01 01:57:51,691 DEBUG [Thread-6 (setup_handler)] Importing BufrStubImagePlugin
2026-02-01 01:57:51,693 DEBUG [Thread-6 (setup_handler)] Importing CurImagePlugin
2026-02-01 01:57:51,697 DEBUG [Thread-6 (setup_handler)] Importing DcxImagePlugin
2026-02-01 01:57:51,701 DEBUG [Thread-6 (setup_handler)] Importing DdsImagePlugin
2026-02-01 01:57:51,711 DEBUG [Thread-6 (setup_handler)] Importing EpsImagePlugin
2026-02-01 01:57:51,724 DEBUG [Thread-6 (setup_handler)] Importing FitsImagePlugin
2026-02-01 01:57:51,738 DEBUG [Thread-6 (setup_handler)] Importing FliImagePlugin
2026-02-01 01:57:51,741 DEBUG [Thread-6 (setup_handler)] Importing FpxImagePlugin
2026-02-01 01:57:51,745 DEBUG [Thread-6 (setup_handler)] Image: failed to import FpxImagePlugin: No module named 'olefile'
2026-02-01 01:57:51,747 DEBUG [Thread-6 (setup_handler)] Importing FtexImagePlugin
2026-02-01 01:57:51,752 DEBUG [Thread-6 (setup_handler)] Importing GbrImagePlugin
2026-02-01 01:57:51,753 DEBUG [Thread-6 (setup_handler)] Importing GifImagePlugin
2026-02-01 01:57:51,753 DEBUG [Thread-6 (setup_handler)] Importing GribStubImagePlugin
2026-02-01 01:57:51,755 DEBUG [Thread-6 (setup_handler)] Importing Hdf5StubImagePlugin
2026-02-01 01:57:51,756 DEBUG [Thread-6 (setup_handler)] Importing IcnsImagePlugin
2026-02-01 01:57:51,761 DEBUG [Thread-6 (setup_handler)] Importing IcoImagePlugin
2026-02-01 01:57:51,765 DEBUG [Thread-6 (setup_handler)] Importing ImImagePlugin
2026-02-01 01:57:51,772 DEBUG [Thread-6 (setup_handler)] Importing ImtImagePlugin
2026-02-01 01:57:51,773 DEBUG [Thread-6 (setup_handler)] Importing IptcImagePlugin
2026-02-01 01:57:51,775 DEBUG [Thread-6 (setup_handler)] Importing JpegImagePlugin
2026-02-01 01:57:51,775 DEBUG [Thread-6 (setup_handler)] Importing Jpeg2KImagePlugin
2026-02-01 01:57:51,775 DEBUG [Thread-6 (setup_handler)] Importing McIdasImagePlugin
2026-02-01 01:57:51,779 DEBUG [Thread-6 (setup_handler)] Importing MicImagePlugin
2026-02-01 01:57:51,784 DEBUG [Thread-6 (setup_handler)] Image: failed to import MicImagePlugin: No module named 'olefile'
2026-02-01 01:57:51,784 DEBUG [Thread-6 (setup_handler)] Importing MpegImagePlugin
2026-02-01 01:57:51,787 DEBUG [Thread-6 (setup_handler)] Importing MpoImagePlugin
2026-02-01 01:57:51,792 DEBUG [Thread-6 (setup_handler)] Importing MspImagePlugin
2026-02-01 01:57:51,797 DEBUG [Thread-6 (setup_handler)] Importing PalmImagePlugin
2026-02-01 01:57:51,800 DEBUG [Thread-6 (setup_handler)] Importing PcdImagePlugin
2026-02-01 01:57:51,802 DEBUG [Thread-6 (setup_handler)] Importing PcxImagePlugin
2026-02-01 01:57:51,802 DEBUG [Thread-6 (setup_handler)] Importing PdfImagePlugin
2026-02-01 01:57:51,826 DEBUG [Thread-6 (setup_handler)] Importing PixarImagePlugin
2026-02-01 01:57:51,826 DEBUG [Thread-6 (setup_handler)] Importing PngImagePlugin
2026-02-01 01:57:51,826 DEBUG [Thread-6 (setup_handler)] Importing PpmImagePlugin
2026-02-01 01:57:51,826 DEBUG [Thread-6 (setup_handler)] Importing PsdImagePlugin
2026-02-01 01:57:51,832 DEBUG [Thread-6 (setup_handler)] Importing QoiImagePlugin
2026-02-01 01:57:51,832 DEBUG [Thread-6 (setup_handler)] Importing SgiImagePlugin
2026-02-01 01:57:51,835 DEBUG [Thread-6 (setup_handler)] Importing SpiderImagePlugin
2026-02-01 01:57:51,836 DEBUG [Thread-6 (setup_handler)] Importing SunImagePlugin
2026-02-01 01:57:51,836 DEBUG [Thread-6 (setup_handler)] Importing TgaImagePlugin
2026-02-01 01:57:51,841 DEBUG [Thread-6 (setup_handler)] Importing TiffImagePlugin
2026-02-01 01:57:51,841 DEBUG [Thread-6 (setup_handler)] Importing WebPImagePlugin
2026-02-01 01:57:51,844 DEBUG [Thread-6 (setup_handler)] Importing WmfImagePlugin
2026-02-01 01:57:51,844 DEBUG [Thread-6 (setup_handler)] Importing XbmImagePlugin
2026-02-01 01:57:51,849 DEBUG [Thread-6 (setup_handler)] Importing XpmImagePlugin
2026-02-01 01:57:51,849 DEBUG [Thread-6 (setup_handler)] Importing XVThumbImagePlugin
2026-02-01 01:57:51,932 INFO [Thread-5 (_initialize_gui)] Settings GUI initialized
2026-02-01 02:02:59,746 DEBUG [Thread-5 (_initialize_gui)] Initializing Settings GUI...
2026-02-01 02:03:00,004 DEBUG [Thread-7 (setup_handler)] Importing AvifImagePlugin
2026-02-01 02:03:00,008 DEBUG [Thread-7 (setup_handler)] Importing BlpImagePlugin
2026-02-01 02:03:00,012 DEBUG [Thread-7 (setup_handler)] Importing BmpImagePlugin
2026-02-01 02:03:00,013 DEBUG [Thread-7 (setup_handler)] Importing BufrStubImagePlugin
2026-02-01 02:03:00,014 DEBUG [Thread-7 (setup_handler)] Importing CurImagePlugin
2026-02-01 02:03:00,014 DEBUG [Thread-7 (setup_handler)] Importing DcxImagePlugin
2026-02-01 02:03:00,019 DEBUG [Thread-7 (setup_handler)] Importing DdsImagePlugin
2026-02-01 02:03:00,031 DEBUG [Thread-7 (setup_handler)] Importing EpsImagePlugin
2026-02-01 02:03:00,035 DEBUG [Thread-7 (setup_handler)] Importing FitsImagePlugin
2026-02-01 02:03:00,039 DEBUG [Thread-7 (setup_handler)] Importing FliImagePlugin
2026-02-01 02:03:00,042 DEBUG [Thread-7 (setup_handler)] Importing FpxImagePlugin
2026-02-01 02:03:00,047 DEBUG [Thread-7 (setup_handler)] Image: failed to import FpxImagePlugin: No module named 'olefile'
2026-02-01 02:03:00,047 DEBUG [Thread-7 (setup_handler)] Importing FtexImagePlugin
2026-02-01 02:03:00,049 DEBUG [Thread-7 (setup_handler)] Importing GbrImagePlugin
2026-02-01 02:03:00,051 DEBUG [Thread-7 (setup_handler)] Importing GifImagePlugin
2026-02-01 02:03:00,053 DEBUG [Thread-7 (setup_handler)] Importing GribStubImagePlugin
2026-02-01 02:03:00,059 DEBUG [Thread-7 (setup_handler)] Importing Hdf5StubImagePlugin
2026-02-01 02:03:00,060 DEBUG [Thread-7 (setup_handler)] Importing IcnsImagePlugin
2026-02-01 02:03:00,068 DEBUG [Thread-7 (setup_handler)] Importing IcoImagePlugin
2026-02-01 02:03:00,072 DEBUG [Thread-7 (setup_handler)] Importing ImImagePlugin
2026-02-01 02:03:00,074 DEBUG [Thread-7 (setup_handler)] Importing ImtImagePlugin
2026-02-01 02:03:00,078 DEBUG [Thread-7 (setup_handler)] Importing IptcImagePlugin
2026-02-01 02:03:00,081 DEBUG [Thread-7 (setup_handler)] Importing JpegImagePlugin
2026-02-01 02:03:00,081 DEBUG [Thread-7 (setup_handler)] Importing Jpeg2KImagePlugin
2026-02-01 02:03:00,081 DEBUG [Thread-7 (setup_handler)] Importing McIdasImagePlugin
2026-02-01 02:03:00,082 DEBUG [Thread-7 (setup_handler)] Importing MicImagePlugin
2026-02-01 02:03:00,083 DEBUG [Thread-7 (setup_handler)] Image: failed to import MicImagePlugin: No module named 'olefile'
2026-02-01 02:03:00,083 DEBUG [Thread-7 (setup_handler)] Importing MpegImagePlugin
2026-02-01 02:03:00,088 DEBUG [Thread-7 (setup_handler)] Importing MpoImagePlugin
2026-02-01 02:03:00,094 DEBUG [Thread-7 (setup_handler)] Importing MspImagePlugin
2026-02-01 02:03:00,095 DEBUG [Thread-7 (setup_handler)] Importing PalmImagePlugin
2026-02-01 02:03:00,099 DEBUG [Thread-7 (setup_handler)] Importing PcdImagePlugin
2026-02-01 02:03:00,103 DEBUG [Thread-7 (setup_handler)] Importing PcxImagePlugin
2026-02-01 02:03:00,104 DEBUG [Thread-7 (setup_handler)] Importing PdfImagePlugin
2026-02-01 02:03:00,132 DEBUG [Thread-7 (setup_handler)] Importing PixarImagePlugin
2026-02-01 02:03:00,133 DEBUG [Thread-7 (setup_handler)] Importing PngImagePlugin
2026-02-01 02:03:00,136 DEBUG [Thread-7 (setup_handler)] Importing PpmImagePlugin
2026-02-01 02:03:00,136 DEBUG [Thread-7 (setup_handler)] Importing PsdImagePlugin
2026-02-01 02:03:00,138 DEBUG [Thread-7 (setup_handler)] Importing QoiImagePlugin
2026-02-01 02:03:00,138 DEBUG [Thread-7 (setup_handler)] Importing SgiImagePlugin
2026-02-01 02:03:00,143 DEBUG [Thread-7 (setup_handler)] Importing SpiderImagePlugin
2026-02-01 02:03:00,144 DEBUG [Thread-7 (setup_handler)] Importing SunImagePlugin
2026-02-01 02:03:00,146 DEBUG [Thread-7 (setup_handler)] Importing TgaImagePlugin
2026-02-01 02:03:00,150 DEBUG [Thread-7 (setup_handler)] Importing TiffImagePlugin
2026-02-01 02:03:00,150 DEBUG [Thread-7 (setup_handler)] Importing WebPImagePlugin
2026-02-01 02:03:00,151 DEBUG [Thread-7 (setup_handler)] Importing WmfImagePlugin
2026-02-01 02:03:00,157 DEBUG [Thread-7 (setup_handler)] Importing XbmImagePlugin
2026-02-01 02:03:00,160 DEBUG [Thread-7 (setup_handler)] Importing XpmImagePlugin
2026-02-01 02:03:00,163 DEBUG [Thread-7 (setup_handler)] Importing XVThumbImagePlugin
2026-02-01 02:03:00,296 INFO [Thread-5 (_initialize_gui)] Settings GUI initialized
2026-02-01 03:21:18,067 DEBUG [Thread-5 (_initialize_gui)] Initializing Settings GUI...
2026-02-01 03:21:18,569 INFO [Thread-5 (_initialize_gui)] Settings GUI initialized
2026-02-01 03:21:18,668 DEBUG [Thread-6 (setup_handler)] Importing AvifImagePlugin
2026-02-01 03:21:18,734 DEBUG [Thread-6 (setup_handler)] Importing BlpImagePlugin
2026-02-01 03:21:18,740 DEBUG [Thread-6 (setup_handler)] Importing BmpImagePlugin
2026-02-01 03:21:18,740 DEBUG [Thread-6 (setup_handler)] Importing BufrStubImagePlugin
2026-02-01 03:21:18,759 DEBUG [Thread-6 (setup_handler)] Importing CurImagePlugin
2026-02-01 03:21:18,782 DEBUG [Thread-6 (setup_handler)] Importing DcxImagePlugin
2026-02-01 03:21:18,813 DEBUG [Thread-6 (setup_handler)] Importing DdsImagePlugin
2026-02-01 03:21:18,835 DEBUG [Thread-6 (setup_handler)] Importing EpsImagePlugin
2026-02-01 03:21:18,854 DEBUG [Thread-6 (setup_handler)] Importing FitsImagePlugin
2026-02-01 03:21:18,869 DEBUG [Thread-6 (setup_handler)] Importing FliImagePlugin
2026-02-01 03:21:18,886 DEBUG [Thread-6 (setup_handler)] Importing FpxImagePlugin
2026-02-01 03:21:18,909 DEBUG [Thread-6 (setup_handler)] Image: failed to import FpxImagePlugin: No module named 'olefile'
2026-02-01 03:21:18,909 DEBUG [Thread-6 (setup_handler)] Importing FtexImagePlugin
2026-02-01 03:21:18,922 DEBUG [Thread-6 (setup_handler)] Importing GbrImagePlugin
2026-02-01 03:21:18,943 DEBUG [Thread-6 (setup_handler)] Importing GifImagePlugin
2026-02-01 03:21:18,943 DEBUG [Thread-6 (setup_handler)] Importing GribStubImagePlugin
2026-02-01 03:21:18,955 DEBUG [Thread-6 (setup_handler)] Importing Hdf5StubImagePlugin
2026-02-01 03:21:18,971 DEBUG [Thread-6 (setup_handler)] Importing IcnsImagePlugin
2026-02-01 03:21:19,021 DEBUG [Thread-6 (setup_handler)] Importing IcoImagePlugin
2026-02-01 03:21:19,038 DEBUG [Thread-6 (setup_handler)] Importing ImImagePlugin
2026-02-01 03:21:19,053 DEBUG [Thread-6 (setup_handler)] Importing ImtImagePlugin
2026-02-01 03:21:19,062 DEBUG [Thread-6 (setup_handler)] Importing IptcImagePlugin
2026-02-01 03:21:19,078 DEBUG [Thread-6 (setup_handler)] Importing JpegImagePlugin
2026-02-01 03:21:19,078 DEBUG [Thread-6 (setup_handler)] Importing Jpeg2KImagePlugin
2026-02-01 03:21:19,078 DEBUG [Thread-6 (setup_handler)] Importing McIdasImagePlugin
2026-02-01 03:21:19,112 DEBUG [Thread-6 (setup_handler)] Importing MicImagePlugin
2026-02-01 03:21:19,129 DEBUG [Thread-6 (setup_handler)] Image: failed to import MicImagePlugin: No module named 'olefile'
2026-02-01 03:21:19,129 DEBUG [Thread-6 (setup_handler)] Importing MpegImagePlugin
2026-02-01 03:21:19,145 DEBUG [Thread-6 (setup_handler)] Importing MpoImagePlugin
2026-02-01 03:21:19,170 DEBUG [Thread-6 (setup_handler)] Importing MspImagePlugin
2026-02-01 03:21:19,187 DEBUG [Thread-6 (setup_handler)] Importing PalmImagePlugin
2026-02-01 03:21:19,204 DEBUG [Thread-6 (setup_handler)] Importing PcdImagePlugin
2026-02-01 03:21:19,229 DEBUG [Thread-6 (setup_handler)] Importing PcxImagePlugin
2026-02-01 03:21:19,229 DEBUG [Thread-6 (setup_handler)] Importing PdfImagePlugin
2026-02-01 03:21:19,270 DEBUG [Thread-6 (setup_handler)] Importing PixarImagePlugin
2026-02-01 03:21:19,286 DEBUG [Thread-6 (setup_handler)] Importing PngImagePlugin
2026-02-01 03:21:19,286 DEBUG [Thread-6 (setup_handler)] Importing PpmImagePlugin
2026-02-01 03:21:19,286 DEBUG [Thread-6 (setup_handler)] Importing PsdImagePlugin
2026-02-01 03:21:19,303 DEBUG [Thread-6 (setup_handler)] Importing QoiImagePlugin
2026-02-01 03:21:19,344 DEBUG [Thread-6 (setup_handler)] Importing SgiImagePlugin
2026-02-01 03:21:19,361 DEBUG [Thread-6 (setup_handler)] Importing SpiderImagePlugin
2026-02-01 03:21:19,378 DEBUG [Thread-6 (setup_handler)] Importing SunImagePlugin
2026-02-01 03:21:19,394 DEBUG [Thread-6 (setup_handler)] Importing TgaImagePlugin
2026-02-01 03:21:19,402 DEBUG [Thread-6 (setup_handler)] Importing TiffImagePlugin
2026-02-01 03:21:19,402 DEBUG [Thread-6 (setup_handler)] Importing WebPImagePlugin
2026-02-01 03:21:19,469 DEBUG [Thread-6 (setup_handler)] Importing WmfImagePlugin
2026-02-01 03:21:19,496 DEBUG [Thread-6 (setup_handler)] Importing XbmImagePlugin
2026-02-01 03:21:19,512 DEBUG [Thread-6 (setup_handler)] Importing XpmImagePlugin
2026-02-01 03:21:19,526 DEBUG [Thread-6 (setup_handler)] Importing XVThumbImagePlugin
2026-02-01 03:27:39,077 DEBUG [Thread-5 (_initialize_gui)] Initializing Settings GUI...
2026-02-01 03:27:39,266 DEBUG [Thread-7 (setup_handler)] Importing AvifImagePlugin
2026-02-01 03:27:39,271 DEBUG [Thread-7 (setup_handler)] Importing BlpImagePlugin
2026-02-01 03:27:39,274 DEBUG [Thread-7 (setup_handler)] Importing BmpImagePlugin
2026-02-01 03:27:39,274 DEBUG [Thread-7 (setup_handler)] Importing BufrStubImagePlugin
2026-02-01 03:27:39,276 DEBUG [Thread-7 (setup_handler)] Importing CurImagePlugin
2026-02-01 03:27:39,277 DEBUG [Thread-7 (setup_handler)] Importing DcxImagePlugin
2026-02-01 03:27:39,280 DEBUG [Thread-7 (setup_handler)] Importing DdsImagePlugin
2026-02-01 03:27:39,289 DEBUG [Thread-7 (setup_handler)] Importing EpsImagePlugin
2026-02-01 03:27:39,292 DEBUG [Thread-7 (setup_handler)] Importing FitsImagePlugin
2026-02-01 03:27:39,299 DEBUG [Thread-7 (setup_handler)] Importing FliImagePlugin
2026-02-01 03:27:39,301 DEBUG [Thread-7 (setup_handler)] Importing FpxImagePlugin
2026-02-01 03:27:39,305 DEBUG [Thread-7 (setup_handler)] Image: failed to import FpxImagePlugin: No module named 'olefile'
2026-02-01 03:27:39,305 DEBUG [Thread-7 (setup_handler)] Importing FtexImagePlugin
2026-02-01 03:27:39,307 DEBUG [Thread-7 (setup_handler)] Importing GbrImagePlugin
2026-02-01 03:27:39,309 DEBUG [Thread-7 (setup_handler)] Importing GifImagePlugin
2026-02-01 03:27:39,309 DEBUG [Thread-7 (setup_handler)] Importing GribStubImagePlugin
2026-02-01 03:27:39,311 DEBUG [Thread-7 (setup_handler)] Importing Hdf5StubImagePlugin
2026-02-01 03:27:39,312 DEBUG [Thread-7 (setup_handler)] Importing IcnsImagePlugin
2026-02-01 03:27:39,318 DEBUG [Thread-7 (setup_handler)] Importing IcoImagePlugin
2026-02-01 03:27:39,321 DEBUG [Thread-7 (setup_handler)] Importing ImImagePlugin
2026-02-01 03:27:39,324 DEBUG [Thread-7 (setup_handler)] Importing ImtImagePlugin
2026-02-01 03:27:39,326 DEBUG [Thread-7 (setup_handler)] Importing IptcImagePlugin
2026-02-01 03:27:39,328 DEBUG [Thread-7 (setup_handler)] Importing JpegImagePlugin
2026-02-01 03:27:39,328 DEBUG [Thread-7 (setup_handler)] Importing Jpeg2KImagePlugin
2026-02-01 03:27:39,328 DEBUG [Thread-7 (setup_handler)] Importing McIdasImagePlugin
2026-02-01 03:27:39,330 DEBUG [Thread-7 (setup_handler)] Importing MicImagePlugin
2026-02-01 03:27:39,333 DEBUG [Thread-7 (setup_handler)] Image: failed to import MicImagePlugin: No module named 'olefile'
2026-02-01 03:27:39,333 DEBUG [Thread-7 (setup_handler)] Importing MpegImagePlugin
2026-02-01 03:27:39,335 DEBUG [Thread-7 (setup_handler)] Importing MpoImagePlugin
2026-02-01 03:27:39,340 DEBUG [Thread-7 (setup_handler)] Importing MspImagePlugin
2026-02-01 03:27:39,342 DEBUG [Thread-7 (setup_handler)] Importing PalmImagePlugin
2026-02-01 03:27:39,345 DEBUG [Thread-7 (setup_handler)] Importing PcdImagePlugin
2026-02-01 03:27:39,346 DEBUG [Thread-7 (setup_handler)] Importing PcxImagePlugin
2026-02-01 03:27:39,347 DEBUG [Thread-7 (setup_handler)] Importing PdfImagePlugin
2026-02-01 03:27:39,357 DEBUG [Thread-7 (setup_handler)] Importing PixarImagePlugin
2026-02-01 03:27:39,359 DEBUG [Thread-7 (setup_handler)] Importing PngImagePlugin
2026-02-01 03:27:39,360 DEBUG [Thread-7 (setup_handler)] Importing PpmImagePlugin
2026-02-01 03:27:39,360 DEBUG [Thread-7 (setup_handler)] Importing PsdImagePlugin
2026-02-01 03:27:39,362 DEBUG [Thread-7 (setup_handler)] Importing QoiImagePlugin
2026-02-01 03:27:39,363 DEBUG [Thread-7 (setup_handler)] Importing SgiImagePlugin
2026-02-01 03:27:39,365 DEBUG [Thread-7 (setup_handler)] Importing SpiderImagePlugin
2026-02-01 03:27:39,368 DEBUG [Thread-7 (setup_handler)] Importing SunImagePlugin
2026-02-01 03:27:39,369 DEBUG [Thread-7 (setup_handler)] Importing TgaImagePlugin
2026-02-01 03:27:39,371 DEBUG [Thread-7 (setup_handler)] Importing TiffImagePlugin
2026-02-01 03:27:39,371 DEBUG [Thread-7 (setup_handler)] Importing WebPImagePlugin
2026-02-01 03:27:39,374 DEBUG [Thread-7 (setup_handler)] Importing WmfImagePlugin
2026-02-01 03:27:39,375 DEBUG [Thread-7 (setup_handler)] Importing XbmImagePlugin
2026-02-01 03:27:39,378 DEBUG [Thread-7 (setup_handler)] Importing XpmImagePlugin
2026-02-01 03:27:39,380 DEBUG [Thread-7 (setup_handler)] Importing XVThumbImagePlugin
2026-02-01 03:27:39,429 INFO [Thread-5 (_initialize_gui)] Settings GUI initialized
2026-02-01 05:34:39,143 DEBUG [Thread-5 (_initialize_gui)] Initializing Settings GUI...
2026-02-01 05:34:39,328 DEBUG [Thread-6 (setup_handler)] Importing AvifImagePlugin
2026-02-01 05:34:39,332 DEBUG [Thread-6 (setup_handler)] Importing BlpImagePlugin
2026-02-01 05:34:39,335 DEBUG [Thread-6 (setup_handler)] Importing BmpImagePlugin
2026-02-01 05:34:39,335 DEBUG [Thread-6 (setup_handler)] Importing BufrStubImagePlugin
2026-02-01 05:34:39,337 DEBUG [Thread-6 (setup_handler)] Importing CurImagePlugin
2026-02-01 05:34:39,338 DEBUG [Thread-6 (setup_handler)] Importing DcxImagePlugin
2026-02-01 05:34:39,341 DEBUG [Thread-6 (setup_handler)] Importing DdsImagePlugin
2026-02-01 05:34:39,347 DEBUG [Thread-6 (setup_handler)] Importing EpsImagePlugin
2026-02-01 05:34:39,349 DEBUG [Thread-6 (setup_handler)] Importing FitsImagePlugin
2026-02-01 05:34:39,353 DEBUG [Thread-6 (setup_handler)] Importing FliImagePlugin
2026-02-01 05:34:39,355 DEBUG [Thread-6 (setup_handler)] Importing FpxImagePlugin
2026-02-01 05:34:39,360 DEBUG [Thread-6 (setup_handler)] Image: failed to import FpxImagePlugin: No module named 'olefile'
2026-02-01 05:34:39,360 DEBUG [Thread-6 (setup_handler)] Importing FtexImagePlugin
2026-02-01 05:34:39,362 DEBUG [Thread-6 (setup_handler)] Importing GbrImagePlugin
2026-02-01 05:34:39,363 DEBUG [Thread-6 (setup_handler)] Importing GifImagePlugin
2026-02-01 05:34:39,363 DEBUG [Thread-6 (setup_handler)] Importing GribStubImagePlugin
2026-02-01 05:34:39,365 DEBUG [Thread-6 (setup_handler)] Importing Hdf5StubImagePlugin
2026-02-01 05:34:39,366 DEBUG [Thread-6 (setup_handler)] Importing IcnsImagePlugin
2026-02-01 05:34:39,370 DEBUG [Thread-6 (setup_handler)] Importing IcoImagePlugin
2026-02-01 05:34:39,372 DEBUG [Thread-6 (setup_handler)] Importing ImImagePlugin
2026-02-01 05:34:39,375 DEBUG [Thread-6 (setup_handler)] Importing ImtImagePlugin
2026-02-01 05:34:39,376 DEBUG [Thread-6 (setup_handler)] Importing IptcImagePlugin
2026-02-01 05:34:39,378 DEBUG [Thread-6 (setup_handler)] Importing JpegImagePlugin
2026-02-01 05:34:39,378 DEBUG [Thread-6 (setup_handler)] Importing Jpeg2KImagePlugin
2026-02-01 05:34:39,378 DEBUG [Thread-6 (setup_handler)] Importing McIdasImagePlugin
2026-02-01 05:34:39,379 DEBUG [Thread-6 (setup_handler)] Importing MicImagePlugin
2026-02-01 05:34:39,382 DEBUG [Thread-6 (setup_handler)] Image: failed to import MicImagePlugin: No module named 'olefile'
2026-02-01 05:34:39,382 DEBUG [Thread-6 (setup_handler)] Importing MpegImagePlugin
2026-02-01 05:34:39,384 DEBUG [Thread-6 (setup_handler)] Importing MpoImagePlugin
2026-02-01 05:34:39,388 DEBUG [Thread-6 (setup_handler)] Importing MspImagePlugin
2026-02-01 05:34:39,390 DEBUG [Thread-6 (setup_handler)] Importing PalmImagePlugin
2026-02-01 05:34:39,392 DEBUG [Thread-6 (setup_handler)] Importing PcdImagePlugin
2026-02-01 05:34:39,394 DEBUG [Thread-6 (setup_handler)] Importing PcxImagePlugin
2026-02-01 05:34:39,394 DEBUG [Thread-6 (setup_handler)] Importing PdfImagePlugin
2026-02-01 05:34:39,406 DEBUG [Thread-6 (setup_handler)] Importing PixarImagePlugin
2026-02-01 05:34:39,407 DEBUG [Thread-6 (setup_handler)] Importing PngImagePlugin
2026-02-01 05:34:39,408 DEBUG [Thread-6 (setup_handler)] Importing PpmImagePlugin
2026-02-01 05:34:39,408 DEBUG [Thread-6 (setup_handler)] Importing PsdImagePlugin
2026-02-01 05:34:39,409 DEBUG [Thread-6 (setup_handler)] Importing QoiImagePlugin
2026-02-01 05:34:39,412 DEBUG [Thread-6 (setup_handler)] Importing SgiImagePlugin
2026-02-01 05:34:39,414 DEBUG [Thread-6 (setup_handler)] Importing SpiderImagePlugin
2026-02-01 05:34:39,416 DEBUG [Thread-6 (setup_handler)] Importing SunImagePlugin
2026-02-01 05:34:39,417 DEBUG [Thread-6 (setup_handler)] Importing TgaImagePlugin
2026-02-01 05:34:39,418 DEBUG [Thread-6 (setup_handler)] Importing TiffImagePlugin
2026-02-01 05:34:39,418 DEBUG [Thread-6 (setup_handler)] Importing WebPImagePlugin
2026-02-01 05:34:39,421 DEBUG [Thread-6 (setup_handler)] Importing WmfImagePlugin
2026-02-01 05:34:39,422 DEBUG [Thread-6 (setup_handler)] Importing XbmImagePlugin
2026-02-01 05:34:39,425 DEBUG [Thread-6 (setup_handler)] Importing XpmImagePlugin
2026-02-01 05:34:39,427 DEBUG [Thread-6 (setup_handler)] Importing XVThumbImagePlugin
2026-02-01 05:34:39,492 INFO [Thread-5 (_initialize_gui)] Settings GUI initialized
2026-02-01 05:57:41,779 DEBUG [Thread-5 (_initialize_gui)] Initializing Settings GUI...
2026-02-01 05:57:41,964 DEBUG [Thread-7 (setup_handler)] Importing AvifImagePlugin
2026-02-01 05:57:41,969 DEBUG [Thread-7 (setup_handler)] Importing BlpImagePlugin
2026-02-01 05:57:41,972 DEBUG [Thread-7 (setup_handler)] Importing BmpImagePlugin
2026-02-01 05:57:41,972 DEBUG [Thread-7 (setup_handler)] Importing BufrStubImagePlugin
2026-02-01 05:57:41,975 DEBUG [Thread-7 (setup_handler)] Importing CurImagePlugin
2026-02-01 05:57:41,977 DEBUG [Thread-7 (setup_handler)] Importing DcxImagePlugin
2026-02-01 05:57:41,982 DEBUG [Thread-7 (setup_handler)] Importing DdsImagePlugin
2026-02-01 05:57:41,991 DEBUG [Thread-7 (setup_handler)] Importing EpsImagePlugin
2026-02-01 05:57:41,995 DEBUG [Thread-7 (setup_handler)] Importing FitsImagePlugin
2026-02-01 05:57:42,001 DEBUG [Thread-7 (setup_handler)] Importing FliImagePlugin
2026-02-01 05:57:42,003 DEBUG [Thread-7 (setup_handler)] Importing FpxImagePlugin
2026-02-01 05:57:42,009 DEBUG [Thread-7 (setup_handler)] Image: failed to import FpxImagePlugin: No module named 'olefile'
2026-02-01 05:57:42,009 DEBUG [Thread-7 (setup_handler)] Importing FtexImagePlugin
2026-02-01 05:57:42,013 DEBUG [Thread-7 (setup_handler)] Importing GbrImagePlugin
2026-02-01 05:57:42,015 DEBUG [Thread-7 (setup_handler)] Importing GifImagePlugin
2026-02-01 05:57:42,015 DEBUG [Thread-7 (setup_handler)] Importing GribStubImagePlugin
2026-02-01 05:57:42,017 DEBUG [Thread-7 (setup_handler)] Importing Hdf5StubImagePlugin
2026-02-01 05:57:42,019 DEBUG [Thread-7 (setup_handler)] Importing IcnsImagePlugin
2026-02-01 05:57:42,026 DEBUG [Thread-7 (setup_handler)] Importing IcoImagePlugin
2026-02-01 05:57:42,029 DEBUG [Thread-7 (setup_handler)] Importing ImImagePlugin
2026-02-01 05:57:42,031 DEBUG [Thread-7 (setup_handler)] Importing ImtImagePlugin
2026-02-01 05:57:42,033 DEBUG [Thread-7 (setup_handler)] Importing IptcImagePlugin
2026-02-01 05:57:42,036 DEBUG [Thread-7 (setup_handler)] Importing JpegImagePlugin
2026-02-01 05:57:42,036 DEBUG [Thread-7 (setup_handler)] Importing Jpeg2KImagePlugin
2026-02-01 05:57:42,036 DEBUG [Thread-7 (setup_handler)] Importing McIdasImagePlugin
2026-02-01 05:57:42,038 DEBUG [Thread-7 (setup_handler)] Importing MicImagePlugin
2026-02-01 05:57:42,042 DEBUG [Thread-7 (setup_handler)] Image: failed to import MicImagePlugin: No module named 'olefile'
2026-02-01 05:57:42,042 DEBUG [Thread-7 (setup_handler)] Importing MpegImagePlugin
2026-02-01 05:57:42,044 DEBUG [Thread-7 (setup_handler)] Importing MpoImagePlugin
2026-02-01 05:57:42,051 DEBUG [Thread-7 (setup_handler)] Importing MspImagePlugin
2026-02-01 05:57:42,054 DEBUG [Thread-7 (setup_handler)] Importing PalmImagePlugin
2026-02-01 05:57:42,057 DEBUG [Thread-7 (setup_handler)] Importing PcdImagePlugin
2026-02-01 05:57:42,059 DEBUG [Thread-7 (setup_handler)] Importing PcxImagePlugin
2026-02-01 05:57:42,059 DEBUG [Thread-7 (setup_handler)] Importing PdfImagePlugin
2026-02-01 05:57:42,074 DEBUG [Thread-7 (setup_handler)] Importing PixarImagePlugin
2026-02-01 05:57:42,076 DEBUG [Thread-7 (setup_handler)] Importing PngImagePlugin
2026-02-01 05:57:42,076 DEBUG [Thread-7 (setup_handler)] Importing PpmImagePlugin
2026-02-01 05:57:42,077 DEBUG [Thread-7 (setup_handler)] Importing PsdImagePlugin
2026-02-01 05:57:42,079 DEBUG [Thread-7 (setup_handler)] Importing QoiImagePlugin
2026-02-01 05:57:42,081 DEBUG [Thread-7 (setup_handler)] Importing SgiImagePlugin
2026-02-01 05:57:42,084 DEBUG [Thread-7 (setup_handler)] Importing SpiderImagePlugin
2026-02-01 05:57:42,086 DEBUG [Thread-7 (setup_handler)] Importing SunImagePlugin
2026-02-01 05:57:42,088 DEBUG [Thread-7 (setup_handler)] Importing TgaImagePlugin
2026-02-01 05:57:42,091 DEBUG [Thread-7 (setup_handler)] Importing TiffImagePlugin
2026-02-01 05:57:42,091 DEBUG [Thread-7 (setup_handler)] Importing WebPImagePlugin
2026-02-01 05:57:42,096 DEBUG [Thread-7 (setup_handler)] Importing WmfImagePlugin
2026-02-01 05:57:42,099 DEBUG [Thread-7 (setup_handler)] Importing XbmImagePlugin
2026-02-01 05:57:42,101 DEBUG [Thread-7 (setup_handler)] Importing XpmImagePlugin
2026-02-01 05:57:42,104 DEBUG [Thread-7 (setup_handler)] Importing XVThumbImagePlugin
2026-02-01 05:57:42,236 INFO [Thread-5 (_initialize_gui)] Settings GUI initialized
2026-02-01 06:07:06,571 INFO [Thread-5 (_initialize_gui)] [SETTING SAVED] Termination time: 5 minutes.
2026-02-01 06:07:06,571 INFO [Thread-5 (_initialize_gui)] [STATUS] config.json updated successfully.
2026-02-01 06:07:06,572 INFO [Thread-5 (_initialize_gui)] [CALLBACK] Notified backend of new TTL: 5 minutes
2026-02-01 06:11:23,412 DEBUG [Thread-5 (_initialize_gui)] Initializing Settings GUI...
2026-02-01 06:11:23,579 DEBUG [Thread-7 (setup_handler)] Importing AvifImagePlugin
2026-02-01 06:11:23,583 DEBUG [Thread-7 (setup_handler)] Importing BlpImagePlugin
2026-02-01 06:11:23,586 DEBUG [Thread-7 (setup_handler)] Importing BmpImagePlugin
2026-02-01 06:11:23,587 DEBUG [Thread-7 (setup_handler)] Importing BufrStubImagePlugin
2026-02-01 06:11:23,588 DEBUG [Thread-7 (setup_handler)] Importing CurImagePlugin
2026-02-01 06:11:23,591 DEBUG [Thread-7 (setup_handler)] Importing DcxImagePlugin
2026-02-01 06:11:23,594 DEBUG [Thread-7 (setup_handler)] Importing DdsImagePlugin
2026-02-01 06:11:23,602 DEBUG [Thread-7 (setup_handler)] Importing EpsImagePlugin
2026-02-01 06:11:23,604 DEBUG [Thread-7 (setup_handler)] Importing FitsImagePlugin
2026-02-01 06:11:23,611 DEBUG [Thread-7 (setup_handler)] Importing FliImagePlugin
2026-02-01 06:11:23,613 DEBUG [Thread-7 (setup_handler)] Importing FpxImagePlugin
2026-02-01 06:11:23,616 DEBUG [Thread-7 (setup_handler)] Image: failed to import FpxImagePlugin: No module named 'olefile'
2026-02-01 06:11:23,616 DEBUG [Thread-7 (setup_handler)] Importing FtexImagePlugin
2026-02-01 06:11:23,617 DEBUG [Thread-7 (setup_handler)] Importing GbrImagePlugin
2026-02-01 06:11:23,619 DEBUG [Thread-7 (setup_handler)] Importing GifImagePlugin
2026-02-01 06:11:23,619 DEBUG [Thread-7 (setup_handler)] Importing GribStubImagePlugin
2026-02-01 06:11:23,620 DEBUG [Thread-7 (setup_handler)] Importing Hdf5StubImagePlugin
2026-02-01 06:11:23,622 DEBUG [Thread-7 (setup_handler)] Importing IcnsImagePlugin
2026-02-01 06:11:23,627 DEBUG [Thread-7 (setup_handler)] Importing IcoImagePlugin
2026-02-01 06:11:23,630 DEBUG [Thread-7 (setup_handler)] Importing ImImagePlugin
2026-02-01 06:11:23,632 DEBUG [Thread-7 (setup_handler)] Importing ImtImagePlugin
2026-02-01 06:11:23,632 DEBUG [Thread-7 (setup_handler)] Importing IptcImagePlugin
2026-02-01 06:11:23,633 DEBUG [Thread-7 (setup_handler)] Importing JpegImagePlugin
2026-02-01 06:11:23,633 DEBUG [Thread-7 (setup_handler)] Importing Jpeg2KImagePlugin
2026-02-01 06:11:23,633 DEBUG [Thread-7 (setup_handler)] Importing McIdasImagePlugin
2026-02-01 06:11:23,635 DEBUG [Thread-7 (setup_handler)] Importing MicImagePlugin
2026-02-01 06:11:23,638 DEBUG [Thread-7 (setup_handler)] Image: failed to import MicImagePlugin: No module named 'olefile'
2026-02-01 06:11:23,638 DEBUG [Thread-7 (setup_handler)] Importing MpegImagePlugin
2026-02-01 06:11:23,640 DEBUG [Thread-7 (setup_handler)] Importing MpoImagePlugin
2026-02-01 06:11:23,646 DEBUG [Thread-7 (setup_handler)] Importing MspImagePlugin
2026-02-01 06:11:23,647 DEBUG [Thread-7 (setup_handler)] Importing PalmImagePlugin
2026-02-01 06:11:23,649 DEBUG [Thread-7 (setup_handler)] Importing PcdImagePlugin
2026-02-01 06:11:23,650 DEBUG [Thread-7 (setup_handler)] Importing PcxImagePlugin
2026-02-01 06:11:23,650 DEBUG [Thread-7 (setup_handler)] Importing PdfImagePlugin
2026-02-01 06:11:23,663 DEBUG [Thread-7 (setup_handler)] Importing PixarImagePlugin
2026-02-01 06:11:23,665 DEBUG [Thread-7 (setup_handler)] Importing PngImagePlugin
2026-02-01 06:11:23,665 DEBUG [Thread-7 (setup_handler)] Importing PpmImagePlugin
2026-02-01 06:11:23,665 DEBUG [Thread-7 (setup_handler)] Importing PsdImagePlugin
2026-02-01 06:11:23,666 DEBUG [Thread-7 (setup_handler)] Importing QoiImagePlugin
2026-02-01 06:11:23,667 DEBUG [Thread-7 (setup_handler)] Importing SgiImagePlugin
2026-02-01 06:11:23,668 DEBUG [Thread-7 (setup_handler)] Importing SpiderImagePlugin
2026-02-01 06:11:23,670 DEBUG [Thread-7 (setup_handler)] Importing SunImagePlugin
2026-02-01 06:11:23,671 DEBUG [Thread-7 (setup_handler)] Importing TgaImagePlugin
2026-02-01 06:11:23,673 DEBUG [Thread-7 (setup_handler)] Importing TiffImagePlugin
2026-02-01 06:11:23,673 DEBUG [Thread-7 (setup_handler)] Importing WebPImagePlugin
2026-02-01 06:11:23,676 DEBUG [Thread-7 (setup_handler)] Importing WmfImagePlugin
2026-02-01 06:11:23,678 DEBUG [Thread-7 (setup_handler)] Importing XbmImagePlugin
2026-02-01 06:11:23,681 DEBUG [Thread-7 (setup_handler)] Importing XpmImagePlugin
2026-02-01 06:11:23,684 DEBUG [Thread-7 (setup_handler)] Importing XVThumbImagePlugin
2026-02-01 06:11:23,759 INFO [Thread-5 (_initialize_gui)] Settings GUI initialized
2026-02-01 06:11:41,588 INFO [Thread-5 (_initialize_gui)] [SETTING SAVED] Termination time: 4 minutes.
2026-02-01 06:11:41,590 INFO [Thread-5 (_initialize_gui)] [STATUS] config.json updated successfully.
2026-02-01 06:11:41,590 INFO [Thread-5 (_initialize_gui)] [CALLBACK] Notified backend of new TTL: 4 minutes
2026-02-01 06:13:16,744 INFO [Thread-5 (_initialize_gui)] [SETTING SAVED] Termination time: 1 minutes.
2026-02-01 06:13:16,746 INFO [Thread-5 (_initialize_gui)] [STATUS] config.json updated successfully.
2026-02-01 06:13:16,747 INFO [Thread-5 (_initialize_gui)] [CALLBACK] Notified backend of new TTL: 1 minutes
2026-02-01 06:59:54,074 DEBUG [Thread-5 (_initialize_gui)] Initializing Settings GUI...
2026-02-01 06:59:54,429 DEBUG [Thread-7 (setup_handler)] Importing AvifImagePlugin
2026-02-01 06:59:54,436 DEBUG [Thread-7 (setup_handler)] Importing BlpImagePlugin
2026-02-01 06:59:54,439 DEBUG [Thread-7 (setup_handler)] Importing BmpImagePlugin
2026-02-01 06:59:54,440 DEBUG [Thread-7 (setup_handler)] Importing BufrStubImagePlugin
2026-02-01 06:59:54,443 DEBUG [Thread-7 (setup_handler)] Importing CurImagePlugin
2026-02-01 06:59:54,446 DEBUG [Thread-7 (setup_handler)] Importing DcxImagePlugin
2026-02-01 06:59:54,452 DEBUG [Thread-7 (setup_handler)] Importing DdsImagePlugin
2026-02-01 06:59:54,459 DEBUG [Thread-7 (setup_handler)] Importing EpsImagePlugin
2026-02-01 06:59:54,462 DEBUG [Thread-7 (setup_handler)] Importing FitsImagePlugin
2026-02-01 06:59:54,467 DEBUG [Thread-7 (setup_handler)] Importing FliImagePlugin
2026-02-01 06:59:54,470 DEBUG [Thread-7 (setup_handler)] Importing FpxImagePlugin
2026-02-01 06:59:54,474 DEBUG [Thread-7 (setup_handler)] Image: failed to import FpxImagePlugin: No module named 'olefile'
2026-02-01 06:59:54,474 DEBUG [Thread-7 (setup_handler)] Importing FtexImagePlugin
2026-02-01 06:59:54,477 DEBUG [Thread-7 (setup_handler)] Importing GbrImagePlugin
2026-02-01 06:59:54,479 DEBUG [Thread-7 (setup_handler)] Importing GifImagePlugin
2026-02-01 06:59:54,479 DEBUG [Thread-7 (setup_handler)] Importing GribStubImagePlugin
2026-02-01 06:59:54,481 DEBUG [Thread-7 (setup_handler)] Importing Hdf5StubImagePlugin
2026-02-01 06:59:54,483 DEBUG [Thread-7 (setup_handler)] Importing IcnsImagePlugin
2026-02-01 06:59:54,489 DEBUG [Thread-7 (setup_handler)] Importing IcoImagePlugin
2026-02-01 06:59:54,492 DEBUG [Thread-7 (setup_handler)] Importing ImImagePlugin
2026-02-01 06:59:54,496 DEBUG [Thread-7 (setup_handler)] Importing ImtImagePlugin
2026-02-01 06:59:54,498 DEBUG [Thread-7 (setup_handler)] Importing IptcImagePlugin
2026-02-01 06:59:54,500 DEBUG [Thread-7 (setup_handler)] Importing JpegImagePlugin
2026-02-01 06:59:54,500 DEBUG [Thread-7 (setup_handler)] Importing Jpeg2KImagePlugin
2026-02-01 06:59:54,501 DEBUG [Thread-7 (setup_handler)] Importing McIdasImagePlugin
2026-02-01 06:59:54,502 DEBUG [Thread-7 (setup_handler)] Importing MicImagePlugin
2026-02-01 06:59:54,505 DEBUG [Thread-7 (setup_handler)] Image: failed to import MicImagePlugin: No module named 'olefile'
2026-02-01 06:59:54,505 DEBUG [Thread-7 (setup_handler)] Importing MpegImagePlugin
2026-02-01 06:59:54,507 DEBUG [Thread-7 (setup_handler)] Importing MpoImagePlugin
2026-02-01 06:59:54,513 DEBUG [Thread-7 (setup_handler)] Importing MspImagePlugin
2026-02-01 06:59:54,515 DEBUG [Thread-7 (setup_handler)] Importing PalmImagePlugin
2026-02-01 06:59:54,518 DEBUG [Thread-7 (setup_handler)] Importing PcdImagePlugin
2026-02-01 06:59:54,521 DEBUG [Thread-7 (setup_handler)] Importing PcxImagePlugin
2026-02-01 06:59:54,521 DEBUG [Thread-7 (setup_handler)] Importing PdfImagePlugin
2026-02-01 06:59:54,537 DEBUG [Thread-7 (setup_handler)] Importing PixarImagePlugin
2026-02-01 06:59:54,539 DEBUG [Thread-7 (setup_handler)] Importing PngImagePlugin
2026-02-01 06:59:54,540 DEBUG [Thread-7 (setup_handler)] Importing PpmImagePlugin
2026-02-01 06:59:54,540 DEBUG [Thread-7 (setup_handler)] Importing PsdImagePlugin
2026-02-01 06:59:54,542 DEBUG [Thread-7 (setup_handler)] Importing QoiImagePlugin
2026-02-01 06:59:54,544 DEBUG [Thread-7 (setup_handler)] Importing SgiImagePlugin
2026-02-01 06:59:54,546 DEBUG [Thread-7 (setup_handler)] Importing SpiderImagePlugin
2026-02-01 06:59:54,548 DEBUG [Thread-7 (setup_handler)] Importing SunImagePlugin
2026-02-01 06:59:54,551 DEBUG [Thread-7 (setup_handler)] Importing TgaImagePlugin
2026-02-01 06:59:54,553 DEBUG [Thread-7 (setup_handler)] Importing TiffImagePlugin
2026-02-01 06:59:54,553 DEBUG [Thread-7 (setup_handler)] Importing WebPImagePlugin
2026-02-01 06:59:54,558 DEBUG [Thread-7 (setup_handler)] Importing WmfImagePlugin
2026-02-01 06:59:54,560 DEBUG [Thread-7 (setup_handler)] Importing XbmImagePlugin
2026-02-01 06:59:54,562 INFO [Thread-5 (_initialize_gui)] Settings GUI initialized
2026-02-01 06:59:54,564 DEBUG [Thread-7 (setup_handler)] Importing XpmImagePlugin
2026-02-01 06:59:54,567 DEBUG [Thread-7 (setup_handler)] Importing XVThumbImagePlugin
2026-02-01 07:01:50,968 INFO [Thread-5 (_initialize_gui)] [SETTING SAVED] Termination time: 5 minutes.
2026-02-01 07:01:50,968 INFO [Thread-5 (_initialize_gui)] [STATUS] config.json updated successfully.
2026-02-01 07:01:50,969 INFO [Thread-5 (_initialize_gui)] [CALLBACK] Notified backend of new TTL: 5 minutes
2026-02-01 07:13:48,742 DEBUG [Thread-5 (_initialize_gui)] Initializing Settings GUI...
2026-02-01 07:13:48,922 DEBUG [Thread-7 (setup_handler)] Importing AvifImagePlugin
2026-02-01 07:13:48,925 DEBUG [Thread-7 (setup_handler)] Importing BlpImagePlugin
2026-02-01 07:13:48,930 DEBUG [Thread-7 (setup_handler)] Importing BmpImagePlugin
2026-02-01 07:13:48,930 DEBUG [Thread-7 (setup_handler)] Importing BufrStubImagePlugin
2026-02-01 07:13:48,930 DEBUG [Thread-7 (setup_handler)] Importing CurImagePlugin
2026-02-01 07:13:48,934 DEBUG [Thread-7 (setup_handler)] Importing DcxImagePlugin
2026-02-01 07:13:48,934 DEBUG [Thread-7 (setup_handler)] Importing DdsImagePlugin
2026-02-01 07:13:48,938 DEBUG [Thread-7 (setup_handler)] Importing EpsImagePlugin
2026-02-01 07:13:48,938 DEBUG [Thread-7 (setup_handler)] Importing FitsImagePlugin
2026-02-01 07:13:48,946 DEBUG [Thread-7 (setup_handler)] Importing FliImagePlugin
2026-02-01 07:13:48,946 DEBUG [Thread-7 (setup_handler)] Importing FpxImagePlugin
2026-02-01 07:13:48,954 DEBUG [Thread-7 (setup_handler)] Image: failed to import FpxImagePlugin: No module named 'olefile'
2026-02-01 07:13:48,954 DEBUG [Thread-7 (setup_handler)] Importing FtexImagePlugin
2026-02-01 07:13:48,957 DEBUG [Thread-7 (setup_handler)] Importing GbrImagePlugin
2026-02-01 07:13:48,957 DEBUG [Thread-7 (setup_handler)] Importing GifImagePlugin
2026-02-01 07:13:48,957 DEBUG [Thread-7 (setup_handler)] Importing GribStubImagePlugin
2026-02-01 07:13:48,963 DEBUG [Thread-7 (setup_handler)] Importing Hdf5StubImagePlugin
2026-02-01 07:13:48,963 DEBUG [Thread-7 (setup_handler)] Importing IcnsImagePlugin
2026-02-01 07:13:48,970 DEBUG [Thread-7 (setup_handler)] Importing IcoImagePlugin
2026-02-01 07:13:48,975 DEBUG [Thread-7 (setup_handler)] Importing ImImagePlugin
2026-02-01 07:13:48,978 DEBUG [Thread-7 (setup_handler)] Importing ImtImagePlugin
2026-02-01 07:13:48,978 DEBUG [Thread-7 (setup_handler)] Importing IptcImagePlugin
2026-02-01 07:13:48,978 DEBUG [Thread-7 (setup_handler)] Importing JpegImagePlugin
2026-02-01 07:13:48,978 DEBUG [Thread-7 (setup_handler)] Importing Jpeg2KImagePlugin
2026-02-01 07:13:48,978 DEBUG [Thread-7 (setup_handler)] Importing McIdasImagePlugin
2026-02-01 07:13:48,978 DEBUG [Thread-7 (setup_handler)] Importing MicImagePlugin
2026-02-01 07:13:48,986 DEBUG [Thread-7 (setup_handler)] Image: failed to import MicImagePlugin: No module named 'olefile'
2026-02-01 07:13:48,986 DEBUG [Thread-7 (setup_handler)] Importing MpegImagePlugin
2026-02-01 07:13:48,986 DEBUG [Thread-7 (setup_handler)] Importing MpoImagePlugin
2026-02-01 07:13:48,991 DEBUG [Thread-7 (setup_handler)] Importing MspImagePlugin
2026-02-01 07:13:48,993 DEBUG [Thread-7 (setup_handler)] Importing PalmImagePlugin
2026-02-01 07:13:48,994 DEBUG [Thread-7 (setup_handler)] Importing PcdImagePlugin
2026-02-01 07:13:48,996 DEBUG [Thread-7 (setup_handler)] Importing PcxImagePlugin
2026-02-01 07:13:48,996 DEBUG [Thread-7 (setup_handler)] Importing PdfImagePlugin
2026-02-01 07:13:49,007 DEBUG [Thread-7 (setup_handler)] Importing PixarImagePlugin
2026-02-01 07:13:49,007 DEBUG [Thread-7 (setup_handler)] Importing PngImagePlugin
2026-02-01 07:13:49,008 DEBUG [Thread-7 (setup_handler)] Importing PpmImagePlugin
2026-02-01 07:13:49,008 DEBUG [Thread-7 (setup_handler)] Importing PsdImagePlugin
2026-02-01 07:13:49,008 DEBUG [Thread-7 (setup_handler)] Importing QoiImagePlugin
2026-02-01 07:13:49,011 DEBUG [Thread-7 (setup_handler)] Importing SgiImagePlugin
2026-02-01 07:13:49,011 DEBUG [Thread-7 (setup_handler)] Importing SpiderImagePlugin
2026-02-01 07:13:49,013 DEBUG [Thread-7 (setup_handler)] Importing SunImagePlugin
2026-02-01 07:13:49,015 DEBUG [Thread-7 (setup_handler)] Importing TgaImagePlugin
2026-02-01 07:13:49,015 DEBUG [Thread-7 (setup_handler)] Importing TiffImagePlugin
2026-02-01 07:13:49,017 DEBUG [Thread-7 (setup_handler)] Importing WebPImagePlugin
2026-02-01 07:13:49,018 DEBUG [Thread-7 (setup_handler)] Importing WmfImagePlugin
2026-02-01 07:13:49,020 DEBUG [Thread-7 (setup_handler)] Importing XbmImagePlugin
2026-02-01 07:13:49,022 DEBUG [Thread-7 (setup_handler)] Importing XpmImagePlugin
2026-02-01 07:13:49,022 DEBUG [Thread-7 (setup_handler)] Importing XVThumbImagePlugin
2026-02-01 07:13:49,093 INFO [Thread-5 (_initialize_gui)] Settings GUI initialized
2026-02-01 07:24:05,578 DEBUG [Thread-5 (_initialize_gui)] Initializing Settings GUI...
2026-02-01 07:24:05,772 DEBUG [Thread-6 (setup_handler)] Importing AvifImagePlugin
2026-02-01 07:24:05,772 DEBUG [Thread-6 (setup_handler)] Importing BlpImagePlugin
2026-02-01 07:24:05,780 DEBUG [Thread-6 (setup_handler)] Importing BmpImagePlugin
2026-02-01 07:24:05,782 DEBUG [Thread-6 (setup_handler)] Importing BufrStubImagePlugin
2026-02-01 07:24:05,782 DEBUG [Thread-6 (setup_handler)] Importing CurImagePlugin
2026-02-01 07:24:05,782 DEBUG [Thread-6 (setup_handler)] Importing DcxImagePlugin
2026-02-01 07:24:05,788 DEBUG [Thread-6 (setup_handler)] Importing DdsImagePlugin
2026-02-01 07:24:05,792 DEBUG [Thread-6 (setup_handler)] Importing EpsImagePlugin
2026-02-01 07:24:05,796 DEBUG [Thread-6 (setup_handler)] Importing FitsImagePlugin
2026-02-01 07:24:05,796 DEBUG [Thread-6 (setup_handler)] Importing FliImagePlugin
2026-02-01 07:24:05,805 DEBUG [Thread-6 (setup_handler)] Importing FpxImagePlugin
2026-02-01 07:24:05,805 DEBUG [Thread-6 (setup_handler)] Image: failed to import FpxImagePlugin: No module named 'olefile'
2026-02-01 07:24:05,805 DEBUG [Thread-6 (setup_handler)] Importing FtexImagePlugin
2026-02-01 07:24:05,812 DEBUG [Thread-6 (setup_handler)] Importing GbrImagePlugin
2026-02-01 07:24:05,812 DEBUG [Thread-6 (setup_handler)] Importing GifImagePlugin
2026-02-01 07:24:05,812 DEBUG [Thread-6 (setup_handler)] Importing GribStubImagePlugin
2026-02-01 07:24:05,812 DEBUG [Thread-6 (setup_handler)] Importing Hdf5StubImagePlugin
2026-02-01 07:24:05,812 DEBUG [Thread-6 (setup_handler)] Importing IcnsImagePlugin
2026-02-01 07:24:05,820 DEBUG [Thread-6 (setup_handler)] Importing IcoImagePlugin
2026-02-01 07:24:05,825 DEBUG [Thread-6 (setup_handler)] Importing ImImagePlugin
2026-02-01 07:24:05,829 DEBUG [Thread-6 (setup_handler)] Importing ImtImagePlugin
2026-02-01 07:24:05,831 DEBUG [Thread-6 (setup_handler)] Importing IptcImagePlugin
2026-02-01 07:24:05,833 DEBUG [Thread-6 (setup_handler)] Importing JpegImagePlugin
2026-02-01 07:24:05,833 DEBUG [Thread-6 (setup_handler)] Importing Jpeg2KImagePlugin
2026-02-01 07:24:05,833 DEBUG [Thread-6 (setup_handler)] Importing McIdasImagePlugin
2026-02-01 07:24:05,833 DEBUG [Thread-6 (setup_handler)] Importing MicImagePlugin
2026-02-01 07:24:05,837 DEBUG [Thread-6 (setup_handler)] Image: failed to import MicImagePlugin: No module named 'olefile'
2026-02-01 07:24:05,837 DEBUG [Thread-6 (setup_handler)] Importing MpegImagePlugin
2026-02-01 07:24:05,837 DEBUG [Thread-6 (setup_handler)] Importing MpoImagePlugin
2026-02-01 07:24:05,845 DEBUG [Thread-6 (setup_handler)] Importing MspImagePlugin
2026-02-01 07:24:05,845 DEBUG [Thread-6 (setup_handler)] Importing PalmImagePlugin
2026-02-01 07:24:05,845 DEBUG [Thread-6 (setup_handler)] Importing PcdImagePlugin
2026-02-01 07:24:05,845 DEBUG [Thread-6 (setup_handler)] Importing PcxImagePlugin
2026-02-01 07:24:05,845 DEBUG [Thread-6 (setup_handler)] Importing PdfImagePlugin
2026-02-01 07:24:05,861 DEBUG [Thread-6 (setup_handler)] Importing PixarImagePlugin
2026-02-01 07:24:05,861 DEBUG [Thread-6 (setup_handler)] Importing PngImagePlugin
2026-02-01 07:24:05,861 DEBUG [Thread-6 (setup_handler)] Importing PpmImagePlugin
2026-02-01 07:24:05,861 DEBUG [Thread-6 (setup_handler)] Importing PsdImagePlugin
2026-02-01 07:24:05,861 DEBUG [Thread-6 (setup_handler)] Importing QoiImagePlugin
2026-02-01 07:24:05,866 DEBUG [Thread-6 (setup_handler)] Importing SgiImagePlugin
2026-02-01 07:24:05,866 DEBUG [Thread-6 (setup_handler)] Importing SpiderImagePlugin
2026-02-01 07:24:05,866 DEBUG [Thread-6 (setup_handler)] Importing SunImagePlugin
2026-02-01 07:24:05,869 DEBUG [Thread-6 (setup_handler)] Importing TgaImagePlugin
2026-02-01 07:24:05,869 DEBUG [Thread-6 (setup_handler)] Importing TiffImagePlugin
2026-02-01 07:24:05,869 DEBUG [Thread-6 (setup_handler)] Importing WebPImagePlugin
2026-02-01 07:24:05,876 DEBUG [Thread-6 (setup_handler)] Importing WmfImagePlugin
2026-02-01 07:24:05,878 DEBUG [Thread-6 (setup_handler)] Importing XbmImagePlugin
2026-02-01 07:24:05,878 DEBUG [Thread-6 (setup_handler)] Importing XpmImagePlugin
2026-02-01 07:24:05,878 DEBUG [Thread-6 (setup_handler)] Importing XVThumbImagePlugin
2026-02-01 07:24:05,958 INFO [Thread-5 (_initialize_gui)] Settings GUI initialized
2026-02-01 07:33:01,065 DEBUG [Thread-5 (_initialize_gui)] Initializing Settings GUI...
2026-02-01 07:33:01,274 DEBUG [Thread-6 (setup_handler)] Importing AvifImagePlugin
2026-02-01 07:33:01,279 DEBUG [Thread-6 (setup_handler)] Importing BlpImagePlugin
2026-02-01 07:33:01,282 DEBUG [Thread-6 (setup_handler)] Importing BmpImagePlugin
2026-02-01 07:33:01,283 DEBUG [Thread-6 (setup_handler)] Importing BufrStubImagePlugin
2026-02-01 07:33:01,284 DEBUG [Thread-6 (setup_handler)] Importing CurImagePlugin
2026-02-01 07:33:01,286 DEBUG [Thread-6 (setup_handler)] Importing DcxImagePlugin
2026-02-01 07:33:01,288 DEBUG [Thread-6 (setup_handler)] Importing DdsImagePlugin
2026-02-01 07:33:01,297 DEBUG [Thread-6 (setup_handler)] Importing EpsImagePlugin
2026-02-01 07:33:01,301 DEBUG [Thread-6 (setup_handler)] Importing FitsImagePlugin
2026-02-01 07:33:01,305 DEBUG [Thread-6 (setup_handler)] Importing FliImagePlugin
2026-02-01 07:33:01,307 DEBUG [Thread-6 (setup_handler)] Importing FpxImagePlugin
2026-02-01 07:33:01,312 DEBUG [Thread-6 (setup_handler)] Image: failed to import FpxImagePlugin: No module named 'olefile'
2026-02-01 07:33:01,313 DEBUG [Thread-6 (setup_handler)] Importing FtexImagePlugin
2026-02-01 07:33:01,316 DEBUG [Thread-6 (setup_handler)] Importing GbrImagePlugin
2026-02-01 07:33:01,318 DEBUG [Thread-6 (setup_handler)] Importing GifImagePlugin
2026-02-01 07:33:01,318 DEBUG [Thread-6 (setup_handler)] Importing GribStubImagePlugin
2026-02-01 07:33:01,319 DEBUG [Thread-6 (setup_handler)] Importing Hdf5StubImagePlugin
2026-02-01 07:33:01,321 DEBUG [Thread-6 (setup_handler)] Importing IcnsImagePlugin
2026-02-01 07:33:01,325 DEBUG [Thread-6 (setup_handler)] Importing IcoImagePlugin
2026-02-01 07:33:01,326 DEBUG [Thread-6 (setup_handler)] Importing ImImagePlugin
2026-02-01 07:33:01,329 DEBUG [Thread-6 (setup_handler)] Importing ImtImagePlugin
2026-02-01 07:33:01,330 DEBUG [Thread-6 (setup_handler)] Importing IptcImagePlugin
2026-02-01 07:33:01,332 DEBUG [Thread-6 (setup_handler)] Importing JpegImagePlugin
2026-02-01 07:33:01,332 DEBUG [Thread-6 (setup_handler)] Importing Jpeg2KImagePlugin
2026-02-01 07:33:01,332 DEBUG [Thread-6 (setup_handler)] Importing McIdasImagePlugin
2026-02-01 07:33:01,333 DEBUG [Thread-6 (setup_handler)] Importing MicImagePlugin
2026-02-01 07:33:01,337 DEBUG [Thread-6 (setup_handler)] Image: failed to import MicImagePlugin: No module named 'olefile'
2026-02-01 07:33:01,337 DEBUG [Thread-6 (setup_handler)] Importing MpegImagePlugin
2026-02-01 07:33:01,338 DEBUG [Thread-6 (setup_handler)] Importing MpoImagePlugin
2026-02-01 07:33:01,345 DEBUG [Thread-6 (setup_handler)] Importing MspImagePlugin
2026-02-01 07:33:01,347 DEBUG [Thread-6 (setup_handler)] Importing PalmImagePlugin
2026-02-01 07:33:01,349 DEBUG [Thread-6 (setup_handler)] Importing PcdImagePlugin
2026-02-01 07:33:01,350 DEBUG [Thread-6 (setup_handler)] Importing PcxImagePlugin
2026-02-01 07:33:01,350 DEBUG [Thread-6 (setup_handler)] Importing PdfImagePlugin
2026-02-01 07:33:01,366 DEBUG [Thread-6 (setup_handler)] Importing PixarImagePlugin
2026-02-01 07:33:01,368 DEBUG [Thread-6 (setup_handler)] Importing PngImagePlugin
2026-02-01 07:33:01,368 DEBUG [Thread-6 (setup_handler)] Importing PpmImagePlugin
2026-02-01 07:33:01,368 DEBUG [Thread-6 (setup_handler)] Importing PsdImagePlugin
2026-02-01 07:33:01,370 DEBUG [Thread-6 (setup_handler)] Importing QoiImagePlugin
2026-02-01 07:33:01,374 DEBUG [Thread-6 (setup_handler)] Importing SgiImagePlugin
2026-02-01 07:33:01,378 DEBUG [Thread-6 (setup_handler)] Importing SpiderImagePlugin
2026-02-01 07:33:01,380 DEBUG [Thread-6 (setup_handler)] Importing SunImagePlugin
2026-02-01 07:33:01,382 DEBUG [Thread-6 (setup_handler)] Importing TgaImagePlugin
2026-02-01 07:33:01,383 DEBUG [Thread-6 (setup_handler)] Importing TiffImagePlugin
2026-02-01 07:33:01,383 DEBUG [Thread-6 (setup_handler)] Importing WebPImagePlugin
2026-02-01 07:33:01,388 DEBUG [Thread-6 (setup_handler)] Importing WmfImagePlugin
2026-02-01 07:33:01,391 DEBUG [Thread-6 (setup_handler)] Importing XbmImagePlugin
2026-02-01 07:33:01,394 DEBUG [Thread-6 (setup_handler)] Importing XpmImagePlugin
2026-02-01 07:33:01,397 DEBUG [Thread-6 (setup_handler)] Importing XVThumbImagePlugin
2026-02-01 07:33:01,542 INFO [Thread-5 (_initialize_gui)] Settings GUI initialized
